janewendu@jianwen-du:~/hommel2019a/hommel2019a/build-cmake/appl/icp/eicp$ sudo make columnleobox
[ 50%] Building CXX object appl/icp/eicp/CMakeFiles/columnleobox.dir/leo.cc.o
In file included from /home/janewendu/hommel2019a/dumux/dumux/common/properties.hh:42,
                 from /home/janewendu/hommel2019a/dumux/dumux/discretization/cctpfa.hh:29,
                 from /home/janewendu/hommel2019a/hommel2019a/appl/icp/eicp/leocolumnproblem.hh:30,
                 from /home/janewendu/hommel2019a/hommel2019a/appl/icp/eicp/leo.cc:36:
/home/janewendu/hommel2019a/dumux/dumux/common/properties/propertysystemmacros.hh:41:2: warning: #warning "Property macros are deprecated and will be removed after release 3.2. If you are not using property macros you can disable this warning by setting DUMUX_ENABLE_OLD_PROPERTY_MACROS to 0 (false) when configuring DuMux. DUMUX_ENABLE_OLD_PROPERTY_MACROS defaults to 1 (true) until release 3.1. After release 3.1 it will default to 0 (false) so you will have to manually enable property macros in order to use them." [-Wcpp]
   41 | #warning "Property macros are deprecated and will be removed after release 3.2. \
      |  ^~~~~~~
/home/janewendu/hommel2019a/hommel2019a/appl/icp/eicp/leocolumnproblem.hh:64:8: warning: extra tokens at end of #else directive [-Wendif-labels]
   64 | #else  LEO
      |        ^~~
In file included from /home/janewendu/hommel2019a/dune-common/dune/common/parallel/collectivecommunication.hh:16,
                 from /home/janewendu/hommel2019a/dune-common/dune/common/parallel/mpihelper.hh:14,
                 from /home/janewendu/hommel2019a/hommel2019a/appl/icp/eicp/leo.cc:30:
/home/janewendu/hommel2019a/dune-common/dune/common/binaryfunctions.hh:17:12: warning: ‘template<class _Arg1, class _Arg2, class _Result> struct std::binary_function’ is deprecated [-Wdeprecated-declarations]
   17 |     : std::binary_function<Type,Type,Type>
      |            ^~~~~~~~~~~~~~~
In file included from /usr/include/c++/13/string:49,
                 from /usr/include/c++/13/bits/locale_classes.h:40,
                 from /usr/include/c++/13/bits/ios_base.h:41,
                 from /usr/include/c++/13/ios:44,
                 from /usr/include/c++/13/ostream:40,
                 from /usr/include/c++/13/iostream:41,
                 from /home/janewendu/hommel2019a/hommel2019a/appl/icp/eicp/leo.cc:28:
/usr/include/c++/13/bits/stl_function.h:131:12: note: declared here
  131 |     struct binary_function
      |            ^~~~~~~~~~~~~~~
/home/janewendu/hommel2019a/dune-common/dune/common/binaryfunctions.hh:27:12: warning: ‘template<class _Arg1, class _Arg2, class _Result> struct std::binary_function’ is deprecated [-Wdeprecated-declarations]
   27 |     : std::binary_function<Type,Type,Type>
      |            ^~~~~~~~~~~~~~~
/usr/include/c++/13/bits/stl_function.h:131:12: note: declared here
  131 |     struct binary_function
      |            ^~~~~~~~~~~~~~~
In file included from /home/janewendu/hommel2019a/dune-common/dune/common/genericiterator.hh:6,
                 from /home/janewendu/hommel2019a/dune-common/dune/common/densevector.hh:9,
                 from /home/janewendu/hommel2019a/dune-common/dune/common/fvector.hh:20,
                 from /home/janewendu/hommel2019a/dune-common/dune/common/fmatrix.hh:14,
                 from /home/janewendu/hommel2019a/dune-geometry/dune/geometry/referenceelementimplementation.hh:15,
                 from /home/janewendu/hommel2019a/dune-geometry/dune/geometry/referenceelements.hh:22,
                 from /home/janewendu/hommel2019a/dune-grid/dune/grid/io/file/vtk/basicwriter.hh:18,
                 from /home/janewendu/hommel2019a/dune-grid/dune/grid/io/file/vtk/boundarywriter.hh:10,
                 from /home/janewendu/hommel2019a/dune-grid/dune/grid/io/file/vtk.hh:11,
                 from /home/janewendu/hommel2019a/hommel2019a/appl/icp/eicp/leo.cc:33:
/home/janewendu/hommel2019a/dune-common/dune/common/iteratorfacades.hh:139:17: warning: ‘template<class _Category, class _Tp, class _Distance, class _Pointer, class _Reference> struct std::iterator’ is deprecated [-Wdeprecated-declarations]
  139 |     public std::iterator< std::forward_iterator_tag,
      |                 ^~~~~~~~
In file included from /usr/include/c++/13/bits/stl_iterator_base_funcs.h:66,
                 from /usr/include/c++/13/string:47:
/usr/include/c++/13/bits/stl_iterator_base_types.h:127:34: note: declared here
  127 |     struct _GLIBCXX17_DEPRECATED iterator
      |                                  ^~~~~~~~
/home/janewendu/hommel2019a/dune-common/dune/common/iteratorfacades.hh:270:17: warning: ‘template<class _Category, class _Tp, class _Distance, class _Pointer, class _Reference> struct std::iterator’ is deprecated [-Wdeprecated-declarations]
  270 |     public std::iterator< std::bidirectional_iterator_tag,
      |                 ^~~~~~~~
/usr/include/c++/13/bits/stl_iterator_base_types.h:127:34: note: declared here
  127 |     struct _GLIBCXX17_DEPRECATED iterator
      |                                  ^~~~~~~~
/home/janewendu/hommel2019a/dune-common/dune/common/iteratorfacades.hh:428:17: warning: ‘template<class _Category, class _Tp, class _Distance, class _Pointer, class _Reference> struct std::iterator’ is deprecated [-Wdeprecated-declarations]
  428 |     public std::iterator< std::random_access_iterator_tag,
      |                 ^~~~~~~~
/usr/include/c++/13/bits/stl_iterator_base_types.h:127:34: note: declared here
  127 |     struct _GLIBCXX17_DEPRECATED iterator
      |                                  ^~~~~~~~
In file included from /home/janewendu/hommel2019a/hommel2019a/appl/icp/eicp/leocolumnproblem.hh:42:
/home/janewendu/hommel2019a/hommel2019a/dumux/material/chemistry/biogeochemistry/leocarbonicacid.hh: In instantiation of ‘void Dumux::LeoMinCarbonicAcid<TypeTag, CO2Tables, ModelTraits>::calculateEquilibriumChemistr(const FluidState&, int, CompVector&) [with FluidState = Dumux::CompositionalSecCompFluidState<double, Dumux::FluidSystems::LeoMinFluid<double, Dumux::ICP::CO2Tables, Dumux::Components::TabulatedComponent<Dumux::Components::H2O<double>, true> > >; TypeTag = Dumux::Properties::TTag::LEOColumnBoxTypeTag; CO2Tables = Dumux::ICP::CO2Tables; ModelTraits = Dumux::MineralizationModelTraits<Dumux::TwoPICPModelTraits<9, true, true, Dumux::TwoPFormulation::p0s1, 6, 9>, 4, 1>; CompVector = Dune::FieldVector<double, 15>]’:
/home/janewendu/hommel2019a/hommel2019a/dumux/porousmediumflow/2picp/volumevariables.hh:427:52:   required from ‘void Dumux::TwoPICPVolumeVariables<Traits>::completeFluidState(const ElemSol&, const Problem&, const Element&, const Scv&, FluidState&, SolidState&) [with ElemSol = Dumux::BoxElementSolution<Dumux::BoxFVElementGeometry<Dumux::BoxFVGridGeometry<double, Dune::GridView<Dune::DefaultLeafGridViewTraits<const Dune::YaspGrid<1> > >, false, Dumux::BoxDefaultGridGeometryTraits<Dune::GridView<Dune::DefaultLeafGridViewTraits<const Dune::YaspGrid<1> > >, Dumux::DefaultMapperTraits<Dune::GridView<Dune::DefaultLeafGridViewTraits<const Dune::YaspGrid<1> > >, Dune::MultipleCodimMultipleGeomTypeMapper<Dune::GridView<Dune::DefaultLeafGridViewTraits<const Dune::YaspGrid<1> > >, Dune::Impl::MCMGFailLayout>, Dune::MultipleCodimMultipleGeomTypeMapper<Dune::GridView<Dune::DefaultLeafGridViewTraits<const Dune::YaspGrid<1> > >, Dune::Impl::MCMGFailLayout> > > >, false>, Dumux::SwitchablePrimaryVariables<Dune::FieldVector<double, 12>, int> >; Problem = Dumux::LEOColumnProblem<Dumux::Properties::TTag::LEOColumnBoxTypeTag>; Element = Dune::Entity<0, 1, const Dune::YaspGrid<1>, Dune::YaspEntity>; Scv = Dumux::BoxSubControlVolume<Dune::GridView<Dune::DefaultLeafGridViewTraits<const Dune::YaspGrid<1> > >, Dumux::BoxDefaultScvGeometryTraits<Dune::GridView<Dune::DefaultLeafGridViewTraits<const Dune::YaspGrid<1> > > > >; Traits = Dumux::TwoPICPVolumeVariablesTraits<Dumux::SwitchablePrimaryVariables<Dune::FieldVector<double, 12>, int>, Dumux::FluidSystems::LeoMinFluid<double, Dumux::ICP::CO2Tables, Dumux::Components::TabulatedComponent<Dumux::Components::H2O<double>, true> >, Dumux::CompositionalSecCompFluidState<double, Dumux::FluidSystems::LeoMinFluid<double, Dumux::ICP::CO2Tables, Dumux::Components::TabulatedComponent<Dumux::Components::H2O<double>, true> > >, Dumux::SolidSystems::LeoMinSolidPhase<double>, Dumux::CompositionalSolidState<double, Dumux::SolidSystems::LeoMinSolidPhase<double> >, double, Dumux::MineralizationModelTraits<Dumux::TwoPICPModelTraits<9, true, true, Dumux::TwoPFormulation::p0s1, 6, 9>, 4, 1>, Dumux::ICP::CO2Tables, Dumux::LeoMinCarbonicAcid<Dumux::Properties::TTag::LEOColumnBoxTypeTag, Dumux::ICP::CO2Tables, Dumux::MineralizationModelTraits<Dumux::TwoPICPModelTraits<9, true, true, Dumux::TwoPFormulation::p0s1, 6, 9>, 4, 1> > >; FluidState = Dumux::CompositionalSecCompFluidState<double, Dumux::FluidSystems::LeoMinFluid<double, Dumux::ICP::CO2Tables, Dumux::Components::TabulatedComponent<Dumux::Components::H2O<double>, true> > >; SolidState = Dumux::CompositionalSolidState<double, Dumux::SolidSystems::LeoMinSolidPhase<double> >]’
/home/janewendu/hommel2019a/hommel2019a/dumux/porousmediumflow/2picp/volumevariables.hh:161:27:   required from ‘void Dumux::TwoPICPVolumeVariables<Traits>::update(const ElemSol&, const Problem&, const Element&, const Scv&) [with ElemSol = Dumux::BoxElementSolution<Dumux::BoxFVElementGeometry<Dumux::BoxFVGridGeometry<double, Dune::GridView<Dune::DefaultLeafGridViewTraits<const Dune::YaspGrid<1> > >, false, Dumux::BoxDefaultGridGeometryTraits<Dune::GridView<Dune::DefaultLeafGridViewTraits<const Dune::YaspGrid<1> > >, Dumux::DefaultMapperTraits<Dune::GridView<Dune::DefaultLeafGridViewTraits<const Dune::YaspGrid<1> > >, Dune::MultipleCodimMultipleGeomTypeMapper<Dune::GridView<Dune::DefaultLeafGridViewTraits<const Dune::YaspGrid<1> > >, Dune::Impl::MCMGFailLayout>, Dune::MultipleCodimMultipleGeomTypeMapper<Dune::GridView<Dune::DefaultLeafGridViewTraits<const Dune::YaspGrid<1> > >, Dune::Impl::MCMGFailLayout> > > >, false>, Dumux::SwitchablePrimaryVariables<Dune::FieldVector<double, 12>, int> >; Problem = Dumux::LEOColumnProblem<Dumux::Properties::TTag::LEOColumnBoxTypeTag>; Element = Dune::Entity<0, 1, const Dune::YaspGrid<1>, Dune::YaspEntity>; Scv = Dumux::BoxSubControlVolume<Dune::GridView<Dune::DefaultLeafGridViewTraits<const Dune::YaspGrid<1> > >, Dumux::BoxDefaultScvGeometryTraits<Dune::GridView<Dune::DefaultLeafGridViewTraits<const Dune::YaspGrid<1> > > > >; Traits = Dumux::TwoPICPVolumeVariablesTraits<Dumux::SwitchablePrimaryVariables<Dune::FieldVector<double, 12>, int>, Dumux::FluidSystems::LeoMinFluid<double, Dumux::ICP::CO2Tables, Dumux::Components::TabulatedComponent<Dumux::Components::H2O<double>, true> >, Dumux::CompositionalSecCompFluidState<double, Dumux::FluidSystems::LeoMinFluid<double, Dumux::ICP::CO2Tables, Dumux::Components::TabulatedComponent<Dumux::Components::H2O<double>, true> > >, Dumux::SolidSystems::LeoMinSolidPhase<double>, Dumux::CompositionalSolidState<double, Dumux::SolidSystems::LeoMinSolidPhase<double> >, double, Dumux::MineralizationModelTraits<Dumux::TwoPICPModelTraits<9, true, true, Dumux::TwoPFormulation::p0s1, 6, 9>, 4, 1>, Dumux::ICP::CO2Tables, Dumux::LeoMinCarbonicAcid<Dumux::Properties::TTag::LEOColumnBoxTypeTag, Dumux::ICP::CO2Tables, Dumux::MineralizationModelTraits<Dumux::TwoPICPModelTraits<9, true, true, Dumux::TwoPFormulation::p0s1, 6, 9>, 4, 1> > >]’
/home/janewendu/hommel2019a/hommel2019a/appl/icp/eicp/leocolumnproblem.hh:571:31:   required from ‘void Dumux::LEOColumnProblem<TypeTag>::updateVtkOutput(const SolutionVector&) [with TypeTag = Dumux::Properties::TTag::LEOColumnBoxTypeTag; SolutionVector = Dune::BlockVector<Dumux::SwitchablePrimaryVariables<Dune::FieldVector<double, 12>, int>, std::allocator<Dumux::SwitchablePrimaryVariables<Dune::FieldVector<double, 12>, int> > >]’
/home/janewendu/hommel2019a/hommel2019a/appl/icp/eicp/leo.cc:160:29:   required from here
/home/janewendu/hommel2019a/hommel2019a/dumux/material/chemistry/biogeochemistry/leocarbonicacid.hh:264:20: warning: unused variable ‘moleFracCTot’ [-Wunused-variable]
  264 |             Scalar moleFracCTot = molalityToMoleFrac(cTot_, moleFracSalinity, variable[nCompIdx]);
      |                    ^~~~~~~~~~~~
/home/janewendu/hommel2019a/hommel2019a/dumux/material/chemistry/biogeochemistry/leocarbonicacid.hh:390:20: warning: unused variable ‘f’ [-Wunused-variable]
  390 |             Scalar f = na_ + h_ + 2*ca_ - oh_ - hco3_ - 2*co3_ - cl_ + nh4_ + 2*fe2_;
      |                    ^
/home/janewendu/hommel2019a/hommel2019a/dumux/material/chemistry/biogeochemistry/leocarbonicacid.hh:391:20: warning: unused variable ‘fmolfrac’ [-Wunused-variable]
  391 |             Scalar fmolfrac = 2*variable[CaIdx] + variable[NaIdx] + variable[NH4Idx] + variable[HIdx] - variable[ClIdx] - variable[HCO3Idx] - 2*variable[CO3Idx] - variable[OHIdx] + 2*variable[Fe2Idx];
      |                    ^~~~~~~~
/home/janewendu/hommel2019a/hommel2019a/dumux/material/chemistry/biogeochemistry/leocarbonicacid.hh: In instantiation of ‘Dumux::LeoMinCarbonicAcid<TypeTag, CO2Tables, ModelTraits>::Sources Dumux::LeoMinCarbonicAcid<TypeTag, CO2Tables, ModelTraits>::reactionSource(const VolumeVariables&, Scalar) [with TypeTag = Dumux::Properties::TTag::LEOColumnBoxTypeTag; CO2Tables = Dumux::ICP::CO2Tables; ModelTraits = Dumux::MineralizationModelTraits<Dumux::TwoPICPModelTraits<9, true, true, Dumux::TwoPFormulation::p0s1, 6, 9>, 4, 1>; Sources = Dune::FieldVector<double, 12>; VolumeVariables = Dumux::MineralizationVolumeVariables<Dumux::TwoPICPVolumeVariablesTraits<Dumux::SwitchablePrimaryVariables<Dune::FieldVector<double, 12>, int>, Dumux::FluidSystems::LeoMinFluid<double, Dumux::ICP::CO2Tables, Dumux::Components::TabulatedComponent<Dumux::Components::H2O<double>, true> >, Dumux::CompositionalSecCompFluidState<double, Dumux::FluidSystems::LeoMinFluid<double, Dumux::ICP::CO2Tables, Dumux::Components::TabulatedComponent<Dumux::Components::H2O<double>, true> > >, Dumux::SolidSystems::LeoMinSolidPhase<double>, Dumux::CompositionalSolidState<double, Dumux::SolidSystems::LeoMinSolidPhase<double> >, double, Dumux::MineralizationModelTraits<Dumux::TwoPICPModelTraits<9, true, true, Dumux::TwoPFormulation::p0s1, 6, 9>, 4, 1>, Dumux::ICP::CO2Tables, Dumux::LeoMinCarbonicAcid<Dumux::Properties::TTag::LEOColumnBoxTypeTag, Dumux::ICP::CO2Tables, Dumux::MineralizationModelTraits<Dumux::TwoPICPModelTraits<9, true, true, Dumux::TwoPFormulation::p0s1, 6, 9>, 4, 1> > >, Dumux::TwoPICPVolumeVariables<Dumux::TwoPICPVolumeVariablesTraits<Dumux::SwitchablePrimaryVariables<Dune::FieldVector<double, 12>, int>, Dumux::FluidSystems::LeoMinFluid<double, Dumux::ICP::CO2Tables, Dumux::Components::TabulatedComponent<Dumux::Components::H2O<double>, true> >, Dumux::CompositionalSecCompFluidState<double, Dumux::FluidSystems::LeoMinFluid<double, Dumux::ICP::CO2Tables, Dumux::Components::TabulatedComponent<Dumux::Components::H2O<double>, true> > >, Dumux::SolidSystems::LeoMinSolidPhase<double>, Dumux::CompositionalSolidState<double, Dumux::SolidSystems::LeoMinSolidPhase<double> >, double, Dumux::MineralizationModelTraits<Dumux::TwoPICPModelTraits<9, true, true, Dumux::TwoPFormulation::p0s1, 6, 9>, 4, 1>, Dumux::ICP::CO2Tables, Dumux::LeoMinCarbonicAcid<Dumux::Properties::TTag::LEOColumnBoxTypeTag, Dumux::ICP::CO2Tables, Dumux::MineralizationModelTraits<Dumux::TwoPICPModelTraits<9, true, true, Dumux::TwoPFormulation::p0s1, 6, 9>, 4, 1> > > > >; Scalar = double]’:
/home/janewendu/hommel2019a/hommel2019a/appl/icp/eicp/leocolumnproblem.hh:535:42:   required from ‘Dumux::LEOColumnProblem<TypeTag>::NumEqVector Dumux::LEOColumnProblem<TypeTag>::source(const Element&, const FVElementGeometry&, const ElementVolumeVariables&, const SubControlVolume&) const [with TypeTag = Dumux::Properties::TTag::LEOColumnBoxTypeTag; NumEqVector = Dune::FieldVector<double, 12>; Element = Dune::Entity<0, 1, const Dune::YaspGrid<1>, Dune::YaspEntity>; FVElementGeometry = Dumux::BoxFVElementGeometry<Dumux::BoxFVGridGeometry<double, Dune::GridView<Dune::DefaultLeafGridViewTraits<const Dune::YaspGrid<1> > >, false, Dumux::BoxDefaultGridGeometryTraits<Dune::GridView<Dune::DefaultLeafGridViewTraits<const Dune::YaspGrid<1> > >, Dumux::DefaultMapperTraits<Dune::GridView<Dune::DefaultLeafGridViewTraits<const Dune::YaspGrid<1> > >, Dune::MultipleCodimMultipleGeomTypeMapper<Dune::GridView<Dune::DefaultLeafGridViewTraits<const Dune::YaspGrid<1> > >, Dune::Impl::MCMGFailLayout>, Dune::MultipleCodimMultipleGeomTypeMapper<Dune::GridView<Dune::DefaultLeafGridViewTraits<const Dune::YaspGrid<1> > >, Dune::Impl::MCMGFailLayout> > > >, false>; ElementVolumeVariables = Dumux::BoxElementVolumeVariables<Dumux::BoxGridVolumeVariables<Dumux::LEOColumnProblem<Dumux::Properties::TTag::LEOColumnBoxTypeTag>, Dumux::MineralizationVolumeVariables<Dumux::TwoPICPVolumeVariablesTraits<Dumux::SwitchablePrimaryVariables<Dune::FieldVector<double, 12>, int>, Dumux::FluidSystems::LeoMinFluid<double, Dumux::ICP::CO2Tables, Dumux::Components::TabulatedComponent<Dumux::Components::H2O<double>, true> >, Dumux::CompositionalSecCompFluidState<double, Dumux::FluidSystems::LeoMinFluid<double, Dumux::ICP::CO2Tables, Dumux::Components::TabulatedComponent<Dumux::Components::H2O<double>, true> > >, Dumux::SolidSystems::LeoMinSolidPhase<double>, Dumux::CompositionalSolidState<double, Dumux::SolidSystems::LeoMinSolidPhase<double> >, double, Dumux::MineralizationModelTraits<Dumux::TwoPICPModelTraits<9, true, true, Dumux::TwoPFormulation::p0s1, 6, 9>, 4, 1>, Dumux::ICP::CO2Tables, Dumux::LeoMinCarbonicAcid<Dumux::Properties::TTag::LEOColumnBoxTypeTag, Dumux::ICP::CO2Tables, Dumux::MineralizationModelTraits<Dumux::TwoPICPModelTraits<9, true, true, Dumux::TwoPFormulation::p0s1, 6, 9>, 4, 1> > >, Dumux::TwoPICPVolumeVariables<Dumux::TwoPICPVolumeVariablesTraits<Dumux::SwitchablePrimaryVariables<Dune::FieldVector<double, 12>, int>, Dumux::FluidSystems::LeoMinFluid<double, Dumux::ICP::CO2Tables, Dumux::Components::TabulatedComponent<Dumux::Components::H2O<double>, true> >, Dumux::CompositionalSecCompFluidState<double, Dumux::FluidSystems::LeoMinFluid<double, Dumux::ICP::CO2Tables, Dumux::Components::TabulatedComponent<Dumux::Components::H2O<double>, true> > >, Dumux::SolidSystems::LeoMinSolidPhase<double>, Dumux::CompositionalSolidState<double, Dumux::SolidSystems::LeoMinSolidPhase<double> >, double, Dumux::MineralizationModelTraits<Dumux::TwoPICPModelTraits<9, true, true, Dumux::TwoPFormulation::p0s1, 6, 9>, 4, 1>, Dumux::ICP::CO2Tables, Dumux::LeoMinCarbonicAcid<Dumux::Properties::TTag::LEOColumnBoxTypeTag, Dumux::ICP::CO2Tables, Dumux::MineralizationModelTraits<Dumux::TwoPICPModelTraits<9, true, true, Dumux::TwoPFormulation::p0s1, 6, 9>, 4, 1> > > > >, false, Dumux::BoxDefaultGridVolumeVariablesTraits<Dumux::LEOColumnProblem<Dumux::Properties::TTag::LEOColumnBoxTypeTag>, Dumux::MineralizationVolumeVariables<Dumux::TwoPICPVolumeVariablesTraits<Dumux::SwitchablePrimaryVariables<Dune::FieldVector<double, 12>, int>, Dumux::FluidSystems::LeoMinFluid<double, Dumux::ICP::CO2Tables, Dumux::Components::TabulatedComponent<Dumux::Components::H2O<double>, true> >, Dumux::CompositionalSecCompFluidState<double, Dumux::FluidSystems::LeoMinFluid<double, Dumux::ICP::CO2Tables, Dumux::Components::TabulatedComponent<Dumux::Components::H2O<double>, true> > >, Dumux::SolidSystems::LeoMinSolidPhase<double>, Dumux::CompositionalSolidState<double, Dumux::SolidSystems::LeoMinSolidPhase<double> >, double, Dumux::MineralizationModelTraits<Dumux::TwoPICPModelTraits<9, true, true, Dumux::TwoPFormulation::p0s1, 6, 9>, 4, 1>, Dumux::ICP::CO2Tables, Dumux::LeoMinCarbonicAcid<Dumux::Properties::TTag::LEOColumnBoxTypeTag, Dumux::ICP::CO2Tables, Dumux::MineralizationModelTraits<Dumux::TwoPICPModelTraits<9, true, true, Dumux::TwoPFormulation::p0s1, 6, 9>, 4, 1> > >, Dumux::TwoPICPVolumeVariables<Dumux::TwoPICPVolumeVariablesTraits<Dumux::SwitchablePrimaryVariables<Dune::FieldVector<double, 12>, int>, Dumux::FluidSystems::LeoMinFluid<double, Dumux::ICP::CO2Tables, Dumux::Components::TabulatedComponent<Dumux::Components::H2O<double>, true> >, Dumux::CompositionalSecCompFluidState<double, Dumux::FluidSystems::LeoMinFluid<double, Dumux::ICP::CO2Tables, Dumux::Components::TabulatedComponent<Dumux::Components::H2O<double>, true> > >, Dumux::SolidSystems::LeoMinSolidPhase<double>, Dumux::CompositionalSolidState<double, Dumux::SolidSystems::LeoMinSolidPhase<double> >, double, Dumux::MineralizationModelTraits<Dumux::TwoPICPModelTraits<9, true, true, Dumux::TwoPFormulation::p0s1, 6, 9>, 4, 1>, Dumux::ICP::CO2Tables, Dumux::LeoMinCarbonicAcid<Dumux::Properties::TTag::LEOColumnBoxTypeTag, Dumux::ICP::CO2Tables, Dumux::MineralizationModelTraits<Dumux::TwoPICPModelTraits<9, true, true, Dumux::TwoPFormulation::p0s1, 6, 9>, 4, 1> > > > > > >, false>; SubControlVolume = Dumux::BoxSubControlVolume<Dune::GridView<Dune::DefaultLeafGridViewTraits<const Dune::YaspGrid<1> > >, Dumux::BoxDefaultScvGeometryTraits<Dune::GridView<Dune::DefaultLeafGridViewTraits<const Dune::YaspGrid<1> > > > >]’
/home/janewendu/hommel2019a/dumux/dumux/assembly/fvlocalresidual.hh:229:33:   required from ‘Dumux::FVLocalResidual<TypeTag>::NumEqVector Dumux::FVLocalResidual<TypeTag>::computeSource(const Problem&, const Element&, const FVElementGeometry&, const ElementVolumeVariables&, const SubControlVolume&) const [with TypeTag = Dumux::Properties::TTag::LEOColumnBoxTypeTag; NumEqVector = Dune::FieldVector<double, 12>; Problem = Dumux::LEOColumnProblem<Dumux::Properties::TTag::LEOColumnBoxTypeTag>; Element = Dune::Entity<0, 1, const Dune::YaspGrid<1>, Dune::YaspEntity>; FVElementGeometry = Dumux::BoxFVElementGeometry<Dumux::BoxFVGridGeometry<double, Dune::GridView<Dune::DefaultLeafGridViewTraits<const Dune::YaspGrid<1> > >, false, Dumux::BoxDefaultGridGeometryTraits<Dune::GridView<Dune::DefaultLeafGridViewTraits<const Dune::YaspGrid<1> > >, Dumux::DefaultMapperTraits<Dune::GridView<Dune::DefaultLeafGridViewTraits<const Dune::YaspGrid<1> > >, Dune::MultipleCodimMultipleGeomTypeMapper<Dune::GridView<Dune::DefaultLeafGridViewTraits<const Dune::YaspGrid<1> > >, Dune::Impl::MCMGFailLayout>, Dune::MultipleCodimMultipleGeomTypeMapper<Dune::GridView<Dune::DefaultLeafGridViewTraits<const Dune::YaspGrid<1> > >, Dune::Impl::MCMGFailLayout> > > >, false>; ElementVolumeVariables = Dumux::BoxElementVolumeVariables<Dumux::BoxGridVolumeVariables<Dumux::LEOColumnProblem<Dumux::Properties::TTag::LEOColumnBoxTypeTag>, Dumux::MineralizationVolumeVariables<Dumux::TwoPICPVolumeVariablesTraits<Dumux::SwitchablePrimaryVariables<Dune::FieldVector<double, 12>, int>, Dumux::FluidSystems::LeoMinFluid<double, Dumux::ICP::CO2Tables, Dumux::Components::TabulatedComponent<Dumux::Components::H2O<double>, true> >, Dumux::CompositionalSecCompFluidState<double, Dumux::FluidSystems::LeoMinFluid<double, Dumux::ICP::CO2Tables, Dumux::Components::TabulatedComponent<Dumux::Components::H2O<double>, true> > >, Dumux::SolidSystems::LeoMinSolidPhase<double>, Dumux::CompositionalSolidState<double, Dumux::SolidSystems::LeoMinSolidPhase<double> >, double, Dumux::MineralizationModelTraits<Dumux::TwoPICPModelTraits<9, true, true, Dumux::TwoPFormulation::p0s1, 6, 9>, 4, 1>, Dumux::ICP::CO2Tables, Dumux::LeoMinCarbonicAcid<Dumux::Properties::TTag::LEOColumnBoxTypeTag, Dumux::ICP::CO2Tables, Dumux::MineralizationModelTraits<Dumux::TwoPICPModelTraits<9, true, true, Dumux::TwoPFormulation::p0s1, 6, 9>, 4, 1> > >, Dumux::TwoPICPVolumeVariables<Dumux::TwoPICPVolumeVariablesTraits<Dumux::SwitchablePrimaryVariables<Dune::FieldVector<double, 12>, int>, Dumux::FluidSystems::LeoMinFluid<double, Dumux::ICP::CO2Tables, Dumux::Components::TabulatedComponent<Dumux::Components::H2O<double>, true> >, Dumux::CompositionalSecCompFluidState<double, Dumux::FluidSystems::LeoMinFluid<double, Dumux::ICP::CO2Tables, Dumux::Components::TabulatedComponent<Dumux::Components::H2O<double>, true> > >, Dumux::SolidSystems::LeoMinSolidPhase<double>, Dumux::CompositionalSolidState<double, Dumux::SolidSystems::LeoMinSolidPhase<double> >, double, Dumux::MineralizationModelTraits<Dumux::TwoPICPModelTraits<9, true, true, Dumux::TwoPFormulation::p0s1, 6, 9>, 4, 1>, Dumux::ICP::CO2Tables, Dumux::LeoMinCarbonicAcid<Dumux::Properties::TTag::LEOColumnBoxTypeTag, Dumux::ICP::CO2Tables, Dumux::MineralizationModelTraits<Dumux::TwoPICPModelTraits<9, true, true, Dumux::TwoPFormulation::p0s1, 6, 9>, 4, 1> > > > >, false, Dumux::BoxDefaultGridVolumeVariablesTraits<Dumux::LEOColumnProblem<Dumux::Properties::TTag::LEOColumnBoxTypeTag>, Dumux::MineralizationVolumeVariables<Dumux::TwoPICPVolumeVariablesTraits<Dumux::SwitchablePrimaryVariables<Dune::FieldVector<double, 12>, int>, Dumux::FluidSystems::LeoMinFluid<double, Dumux::ICP::CO2Tables, Dumux::Components::TabulatedComponent<Dumux::Components::H2O<double>, true> >, Dumux::CompositionalSecCompFluidState<double, Dumux::FluidSystems::LeoMinFluid<double, Dumux::ICP::CO2Tables, Dumux::Components::TabulatedComponent<Dumux::Components::H2O<double>, true> > >, Dumux::SolidSystems::LeoMinSolidPhase<double>, Dumux::CompositionalSolidState<double, Dumux::SolidSystems::LeoMinSolidPhase<double> >, double, Dumux::MineralizationModelTraits<Dumux::TwoPICPModelTraits<9, true, true, Dumux::TwoPFormulation::p0s1, 6, 9>, 4, 1>, Dumux::ICP::CO2Tables, Dumux::LeoMinCarbonicAcid<Dumux::Properties::TTag::LEOColumnBoxTypeTag, Dumux::ICP::CO2Tables, Dumux::MineralizationModelTraits<Dumux::TwoPICPModelTraits<9, true, true, Dumux::TwoPFormulation::p0s1, 6, 9>, 4, 1> > >, Dumux::TwoPICPVolumeVariables<Dumux::TwoPICPVolumeVariablesTraits<Dumux::SwitchablePrimaryVariables<Dune::FieldVector<double, 12>, int>, Dumux::FluidSystems::LeoMinFluid<double, Dumux::ICP::CO2Tables, Dumux::Components::TabulatedComponent<Dumux::Components::H2O<double>, true> >, Dumux::CompositionalSecCompFluidState<double, Dumux::FluidSystems::LeoMinFluid<double, Dumux::ICP::CO2Tables, Dumux::Components::TabulatedComponent<Dumux::Components::H2O<double>, true> > >, Dumux::SolidSystems::LeoMinSolidPhase<double>, Dumux::CompositionalSolidState<double, Dumux::SolidSystems::LeoMinSolidPhase<double> >, double, Dumux::MineralizationModelTraits<Dumux::TwoPICPModelTraits<9, true, true, Dumux::TwoPFormulation::p0s1, 6, 9>, 4, 1>, Dumux::ICP::CO2Tables, Dumux::LeoMinCarbonicAcid<Dumux::Properties::TTag::LEOColumnBoxTypeTag, Dumux::ICP::CO2Tables, Dumux::MineralizationModelTraits<Dumux::TwoPICPModelTraits<9, true, true, Dumux::TwoPFormulation::p0s1, 6, 9>, 4, 1> > > > > > >, false>; SubControlVolume = Dumux::BoxSubControlVolume<Dune::GridView<Dune::DefaultLeafGridViewTraits<const Dune::YaspGrid<1> > >, Dumux::BoxDefaultScvGeometryTraits<Dune::GridView<Dune::DefaultLeafGridViewTraits<const Dune::YaspGrid<1> > > > >]’
/home/janewendu/hommel2019a/dumux/dumux/assembly/fvlocalresidual.hh:338:51:   required from ‘void Dumux::FVLocalResidual<TypeTag>::evalSource(ElementResidualVector&, const Problem&, const Element&, const FVElementGeometry&, const ElementVolumeVariables&, const SubControlVolume&) const [with TypeTag = Dumux::Properties::TTag::LEOColumnBoxTypeTag; ElementResidualVector = Dumux::ReservedBlockVector<Dune::FieldVector<double, 12>, 2>; Problem = Dumux::LEOColumnProblem<Dumux::Properties::TTag::LEOColumnBoxTypeTag>; Element = Dune::Entity<0, 1, const Dune::YaspGrid<1>, Dune::YaspEntity>; FVElementGeometry = Dumux::BoxFVElementGeometry<Dumux::BoxFVGridGeometry<double, Dune::GridView<Dune::DefaultLeafGridViewTraits<const Dune::YaspGrid<1> > >, false, Dumux::BoxDefaultGridGeometryTraits<Dune::GridView<Dune::DefaultLeafGridViewTraits<const Dune::YaspGrid<1> > >, Dumux::DefaultMapperTraits<Dune::GridView<Dune::DefaultLeafGridViewTraits<const Dune::YaspGrid<1> > >, Dune::MultipleCodimMultipleGeomTypeMapper<Dune::GridView<Dune::DefaultLeafGridViewTraits<const Dune::YaspGrid<1> > >, Dune::Impl::MCMGFailLayout>, Dune::MultipleCodimMultipleGeomTypeMapper<Dune::GridView<Dune::DefaultLeafGridViewTraits<const Dune::YaspGrid<1> > >, Dune::Impl::MCMGFailLayout> > > >, false>; ElementVolumeVariables = Dumux::BoxElementVolumeVariables<Dumux::BoxGridVolumeVariables<Dumux::LEOColumnProblem<Dumux::Properties::TTag::LEOColumnBoxTypeTag>, Dumux::MineralizationVolumeVariables<Dumux::TwoPICPVolumeVariablesTraits<Dumux::SwitchablePrimaryVariables<Dune::FieldVector<double, 12>, int>, Dumux::FluidSystems::LeoMinFluid<double, Dumux::ICP::CO2Tables, Dumux::Components::TabulatedComponent<Dumux::Components::H2O<double>, true> >, Dumux::CompositionalSecCompFluidState<double, Dumux::FluidSystems::LeoMinFluid<double, Dumux::ICP::CO2Tables, Dumux::Components::TabulatedComponent<Dumux::Components::H2O<double>, true> > >, Dumux::SolidSystems::LeoMinSolidPhase<double>, Dumux::CompositionalSolidState<double, Dumux::SolidSystems::LeoMinSolidPhase<double> >, double, Dumux::MineralizationModelTraits<Dumux::TwoPICPModelTraits<9, true, true, Dumux::TwoPFormulation::p0s1, 6, 9>, 4, 1>, Dumux::ICP::CO2Tables, Dumux::LeoMinCarbonicAcid<Dumux::Properties::TTag::LEOColumnBoxTypeTag, Dumux::ICP::CO2Tables, Dumux::MineralizationModelTraits<Dumux::TwoPICPModelTraits<9, true, true, Dumux::TwoPFormulation::p0s1, 6, 9>, 4, 1> > >, Dumux::TwoPICPVolumeVariables<Dumux::TwoPICPVolumeVariablesTraits<Dumux::SwitchablePrimaryVariables<Dune::FieldVector<double, 12>, int>, Dumux::FluidSystems::LeoMinFluid<double, Dumux::ICP::CO2Tables, Dumux::Components::TabulatedComponent<Dumux::Components::H2O<double>, true> >, Dumux::CompositionalSecCompFluidState<double, Dumux::FluidSystems::LeoMinFluid<double, Dumux::ICP::CO2Tables, Dumux::Components::TabulatedComponent<Dumux::Components::H2O<double>, true> > >, Dumux::SolidSystems::LeoMinSolidPhase<double>, Dumux::CompositionalSolidState<double, Dumux::SolidSystems::LeoMinSolidPhase<double> >, double, Dumux::MineralizationModelTraits<Dumux::TwoPICPModelTraits<9, true, true, Dumux::TwoPFormulation::p0s1, 6, 9>, 4, 1>, Dumux::ICP::CO2Tables, Dumux::LeoMinCarbonicAcid<Dumux::Properties::TTag::LEOColumnBoxTypeTag, Dumux::ICP::CO2Tables, Dumux::MineralizationModelTraits<Dumux::TwoPICPModelTraits<9, true, true, Dumux::TwoPFormulation::p0s1, 6, 9>, 4, 1> > > > >, false, Dumux::BoxDefaultGridVolumeVariablesTraits<Dumux::LEOColumnProblem<Dumux::Properties::TTag::LEOColumnBoxTypeTag>, Dumux::MineralizationVolumeVariables<Dumux::TwoPICPVolumeVariablesTraits<Dumux::SwitchablePrimaryVariables<Dune::FieldVector<double, 12>, int>, Dumux::FluidSystems::LeoMinFluid<double, Dumux::ICP::CO2Tables, Dumux::Components::TabulatedComponent<Dumux::Components::H2O<double>, true> >, Dumux::CompositionalSecCompFluidState<double, Dumux::FluidSystems::LeoMinFluid<double, Dumux::ICP::CO2Tables, Dumux::Components::TabulatedComponent<Dumux::Components::H2O<double>, true> > >, Dumux::SolidSystems::LeoMinSolidPhase<double>, Dumux::CompositionalSolidState<double, Dumux::SolidSystems::LeoMinSolidPhase<double> >, double, Dumux::MineralizationModelTraits<Dumux::TwoPICPModelTraits<9, true, true, Dumux::TwoPFormulation::p0s1, 6, 9>, 4, 1>, Dumux::ICP::CO2Tables, Dumux::LeoMinCarbonicAcid<Dumux::Properties::TTag::LEOColumnBoxTypeTag, Dumux::ICP::CO2Tables, Dumux::MineralizationModelTraits<Dumux::TwoPICPModelTraits<9, true, true, Dumux::TwoPFormulation::p0s1, 6, 9>, 4, 1> > >, Dumux::TwoPICPVolumeVariables<Dumux::TwoPICPVolumeVariablesTraits<Dumux::SwitchablePrimaryVariables<Dune::FieldVector<double, 12>, int>, Dumux::FluidSystems::LeoMinFluid<double, Dumux::ICP::CO2Tables, Dumux::Components::TabulatedComponent<Dumux::Components::H2O<double>, true> >, Dumux::CompositionalSecCompFluidState<double, Dumux::FluidSystems::LeoMinFluid<double, Dumux::ICP::CO2Tables, Dumux::Components::TabulatedComponent<Dumux::Components::H2O<double>, true> > >, Dumux::SolidSystems::LeoMinSolidPhase<double>, Dumux::CompositionalSolidState<double, Dumux::SolidSystems::LeoMinSolidPhase<double> >, double, Dumux::MineralizationModelTraits<Dumux::TwoPICPModelTraits<9, true, true, Dumux::TwoPFormulation::p0s1, 6, 9>, 4, 1>, Dumux::ICP::CO2Tables, Dumux::LeoMinCarbonicAcid<Dumux::Properties::TTag::LEOColumnBoxTypeTag, Dumux::ICP::CO2Tables, Dumux::MineralizationModelTraits<Dumux::TwoPICPModelTraits<9, true, true, Dumux::TwoPFormulation::p0s1, 6, 9>, 4, 1> > > > > > >, false>; SubControlVolume = Dumux::BoxSubControlVolume<Dune::GridView<Dune::DefaultLeafGridViewTraits<const Dune::YaspGrid<1> > >, Dumux::BoxDefaultScvGeometryTraits<Dune::GridView<Dune::DefaultLeafGridViewTraits<const Dune::YaspGrid<1> > > > >]’
/home/janewendu/hommel2019a/dumux/dumux/assembly/fvlocalresidual.hh:173:31:   required from ‘Dumux::FVLocalResidual<TypeTag>::ElementResidualVector Dumux::FVLocalResidual<TypeTag>::evalFluxAndSource(const Element&, const FVElementGeometry&, const ElementVolumeVariables&, const ElementFluxVariablesCache&, const ElementBoundaryTypes&) const [with TypeTag = Dumux::Properties::TTag::LEOColumnBoxTypeTag; ElementResidualVector = Dumux::ReservedBlockVector<Dune::FieldVector<double, 12>, 2>; Element = Dune::Entity<0, 1, const Dune::YaspGrid<1>, Dune::YaspEntity>; FVElementGeometry = Dumux::BoxFVElementGeometry<Dumux::BoxFVGridGeometry<double, Dune::GridView<Dune::DefaultLeafGridViewTraits<const Dune::YaspGrid<1> > >, false, Dumux::BoxDefaultGridGeometryTraits<Dune::GridView<Dune::DefaultLeafGridViewTraits<const Dune::YaspGrid<1> > >, Dumux::DefaultMapperTraits<Dune::GridView<Dune::DefaultLeafGridViewTraits<const Dune::YaspGrid<1> > >, Dune::MultipleCodimMultipleGeomTypeMapper<Dune::GridView<Dune::DefaultLeafGridViewTraits<const Dune::YaspGrid<1> > >, Dune::Impl::MCMGFailLayout>, Dune::MultipleCodimMultipleGeomTypeMapper<Dune::GridView<Dune::DefaultLeafGridViewTraits<const Dune::YaspGrid<1> > >, Dune::Impl::MCMGFailLayout> > > >, false>; ElementVolumeVariables = Dumux::BoxElementVolumeVariables<Dumux::BoxGridVolumeVariables<Dumux::LEOColumnProblem<Dumux::Properties::TTag::LEOColumnBoxTypeTag>, Dumux::MineralizationVolumeVariables<Dumux::TwoPICPVolumeVariablesTraits<Dumux::SwitchablePrimaryVariables<Dune::FieldVector<double, 12>, int>, Dumux::FluidSystems::LeoMinFluid<double, Dumux::ICP::CO2Tables, Dumux::Components::TabulatedComponent<Dumux::Components::H2O<double>, true> >, Dumux::CompositionalSecCompFluidState<double, Dumux::FluidSystems::LeoMinFluid<double, Dumux::ICP::CO2Tables, Dumux::Components::TabulatedComponent<Dumux::Components::H2O<double>, true> > >, Dumux::SolidSystems::LeoMinSolidPhase<double>, Dumux::CompositionalSolidState<double, Dumux::SolidSystems::LeoMinSolidPhase<double> >, double, Dumux::MineralizationModelTraits<Dumux::TwoPICPModelTraits<9, true, true, Dumux::TwoPFormulation::p0s1, 6, 9>, 4, 1>, Dumux::ICP::CO2Tables, Dumux::LeoMinCarbonicAcid<Dumux::Properties::TTag::LEOColumnBoxTypeTag, Dumux::ICP::CO2Tables, Dumux::MineralizationModelTraits<Dumux::TwoPICPModelTraits<9, true, true, Dumux::TwoPFormulation::p0s1, 6, 9>, 4, 1> > >, Dumux::TwoPICPVolumeVariables<Dumux::TwoPICPVolumeVariablesTraits<Dumux::SwitchablePrimaryVariables<Dune::FieldVector<double, 12>, int>, Dumux::FluidSystems::LeoMinFluid<double, Dumux::ICP::CO2Tables, Dumux::Components::TabulatedComponent<Dumux::Components::H2O<double>, true> >, Dumux::CompositionalSecCompFluidState<double, Dumux::FluidSystems::LeoMinFluid<double, Dumux::ICP::CO2Tables, Dumux::Components::TabulatedComponent<Dumux::Components::H2O<double>, true> > >, Dumux::SolidSystems::LeoMinSolidPhase<double>, Dumux::CompositionalSolidState<double, Dumux::SolidSystems::LeoMinSolidPhase<double> >, double, Dumux::MineralizationModelTraits<Dumux::TwoPICPModelTraits<9, true, true, Dumux::TwoPFormulation::p0s1, 6, 9>, 4, 1>, Dumux::ICP::CO2Tables, Dumux::LeoMinCarbonicAcid<Dumux::Properties::TTag::LEOColumnBoxTypeTag, Dumux::ICP::CO2Tables, Dumux::MineralizationModelTraits<Dumux::TwoPICPModelTraits<9, true, true, Dumux::TwoPFormulation::p0s1, 6, 9>, 4, 1> > > > >, false, Dumux::BoxDefaultGridVolumeVariablesTraits<Dumux::LEOColumnProblem<Dumux::Properties::TTag::LEOColumnBoxTypeTag>, Dumux::MineralizationVolumeVariables<Dumux::TwoPICPVolumeVariablesTraits<Dumux::SwitchablePrimaryVariables<Dune::FieldVector<double, 12>, int>, Dumux::FluidSystems::LeoMinFluid<double, Dumux::ICP::CO2Tables, Dumux::Components::TabulatedComponent<Dumux::Components::H2O<double>, true> >, Dumux::CompositionalSecCompFluidState<double, Dumux::FluidSystems::LeoMinFluid<double, Dumux::ICP::CO2Tables, Dumux::Components::TabulatedComponent<Dumux::Components::H2O<double>, true> > >, Dumux::SolidSystems::LeoMinSolidPhase<double>, Dumux::CompositionalSolidState<double, Dumux::SolidSystems::LeoMinSolidPhase<double> >, double, Dumux::MineralizationModelTraits<Dumux::TwoPICPModelTraits<9, true, true, Dumux::TwoPFormulation::p0s1, 6, 9>, 4, 1>, Dumux::ICP::CO2Tables, Dumux::LeoMinCarbonicAcid<Dumux::Properties::TTag::LEOColumnBoxTypeTag, Dumux::ICP::CO2Tables, Dumux::MineralizationModelTraits<Dumux::TwoPICPModelTraits<9, true, true, Dumux::TwoPFormulation::p0s1, 6, 9>, 4, 1> > >, Dumux::TwoPICPVolumeVariables<Dumux::TwoPICPVolumeVariablesTraits<Dumux::SwitchablePrimaryVariables<Dune::FieldVector<double, 12>, int>, Dumux::FluidSystems::LeoMinFluid<double, Dumux::ICP::CO2Tables, Dumux::Components::TabulatedComponent<Dumux::Components::H2O<double>, true> >, Dumux::CompositionalSecCompFluidState<double, Dumux::FluidSystems::LeoMinFluid<double, Dumux::ICP::CO2Tables, Dumux::Components::TabulatedComponent<Dumux::Components::H2O<double>, true> > >, Dumux::SolidSystems::LeoMinSolidPhase<double>, Dumux::CompositionalSolidState<double, Dumux::SolidSystems::LeoMinSolidPhase<double> >, double, Dumux::MineralizationModelTraits<Dumux::TwoPICPModelTraits<9, true, true, Dumux::TwoPFormulation::p0s1, 6, 9>, 4, 1>, Dumux::ICP::CO2Tables, Dumux::LeoMinCarbonicAcid<Dumux::Properties::TTag::LEOColumnBoxTypeTag, Dumux::ICP::CO2Tables, Dumux::MineralizationModelTraits<Dumux::TwoPICPModelTraits<9, true, true, Dumux::TwoPFormulation::p0s1, 6, 9>, 4, 1> > > > > > >, false>; ElementFluxVariablesCache = Dumux::BoxElementFluxVariablesCache<Dumux::BoxGridFluxVariablesCache<Dumux::LEOColumnProblem<Dumux::Properties::TTag::LEOColumnBoxTypeTag>, Dumux::PorousMediumFluxVariablesCacheImplementation<Dumux::Properties::TTag::LEOColumnBoxTypeTag, Dumux::DiscretizationMethod::box>, false, Dumux::BoxDefaultGridFVCTraits<Dumux::LEOColumnProblem<Dumux::Properties::TTag::LEOColumnBoxTypeTag>, Dumux::PorousMediumFluxVariablesCacheImplementation<Dumux::Properties::TTag::LEOColumnBoxTypeTag, Dumux::DiscretizationMethod::box> > >, false>; ElementBoundaryTypes = Dumux::BoxElementBoundaryTypes<Dumux::BoundaryTypes<12> >]’
/home/janewendu/hommel2019a/dumux/dumux/assembly/fvlocalassemblerbase.hh:168:48:   required from ‘Dumux::FVLocalAssemblerBase<TypeTag, Assembler, Implementation, useImplicitAssembly>::ElementResidualVector Dumux::FVLocalAssemblerBase<TypeTag, Assembler, Implementation, useImplicitAssembly>::evalLocalFluxAndSourceResidual(const ElementVolumeVariables&) const[with TypeTag = Dumux::Properties::TTag::LEOColumnBoxTypeTag; Assembler = Dumux::FVAssembler<Dumux::Properties::TTag::LEOColumnBoxTypeTag, Dumux::DiffMethod::numeric>; Implementation = Dumux::BoxLocalAssembler<Dumux::Properties::TTag::LEOColumnBoxTypeTag, Dumux::FVAssembler<Dumux::Properties::TTag::LEOColumnBoxTypeTag, Dumux::DiffMethod::numeric>, Dumux::DiffMethod::numeric, true>; bool useImplicitAssembly = true; ElementResidualVector = Dumux::ReservedBlockVector<Dune::FieldVector<double, 12>, 2>; ElementVolumeVariables = Dumux::BoxElementVolumeVariables<Dumux::BoxGridVolumeVariables<Dumux::LEOColumnProblem<Dumux::Properties::TTag::LEOColumnBoxTypeTag>, Dumux::MineralizationVolumeVariables<Dumux::TwoPICPVolumeVariablesTraits<Dumux::SwitchablePrimaryVariables<Dune::FieldVector<double, 12>, int>, Dumux::FluidSystems::LeoMinFluid<double, Dumux::ICP::CO2Tables, Dumux::Components::TabulatedComponent<Dumux::Components::H2O<double>, true> >, Dumux::CompositionalSecCompFluidState<double, Dumux::FluidSystems::LeoMinFluid<double, Dumux::ICP::CO2Tables, Dumux::Components::TabulatedComponent<Dumux::Components::H2O<double>, true> > >, Dumux::SolidSystems::LeoMinSolidPhase<double>, Dumux::CompositionalSolidState<double, Dumux::SolidSystems::LeoMinSolidPhase<double> >, double, Dumux::MineralizationModelTraits<Dumux::TwoPICPModelTraits<9, true, true, Dumux::TwoPFormulation::p0s1, 6, 9>, 4, 1>, Dumux::ICP::CO2Tables, Dumux::LeoMinCarbonicAcid<Dumux::Properties::TTag::LEOColumnBoxTypeTag, Dumux::ICP::CO2Tables, Dumux::MineralizationModelTraits<Dumux::TwoPICPModelTraits<9, true, true, Dumux::TwoPFormulation::p0s1, 6, 9>, 4, 1> > >, Dumux::TwoPICPVolumeVariables<Dumux::TwoPICPVolumeVariablesTraits<Dumux::SwitchablePrimaryVariables<Dune::FieldVector<double, 12>, int>, Dumux::FluidSystems::LeoMinFluid<double, Dumux::ICP::CO2Tables, Dumux::Components::TabulatedComponent<Dumux::Components::H2O<double>, true> >, Dumux::CompositionalSecCompFluidState<double, Dumux::FluidSystems::LeoMinFluid<double, Dumux::ICP::CO2Tables, Dumux::Components::TabulatedComponent<Dumux::Components::H2O<double>, true> > >, Dumux::SolidSystems::LeoMinSolidPhase<double>, Dumux::CompositionalSolidState<double, Dumux::SolidSystems::LeoMinSolidPhase<double> >, double, Dumux::MineralizationModelTraits<Dumux::TwoPICPModelTraits<9, true, true, Dumux::TwoPFormulation::p0s1, 6, 9>, 4, 1>, Dumux::ICP::CO2Tables, Dumux::LeoMinCarbonicAcid<Dumux::Properties::TTag::LEOColumnBoxTypeTag, Dumux::ICP::CO2Tables, Dumux::MineralizationModelTraits<Dumux::TwoPICPModelTraits<9, true, true, Dumux::TwoPFormulation::p0s1, 6, 9>, 4, 1> > > > >, false, Dumux::BoxDefaultGridVolumeVariablesTraits<Dumux::LEOColumnProblem<Dumux::Properties::TTag::LEOColumnBoxTypeTag>, Dumux::MineralizationVolumeVariables<Dumux::TwoPICPVolumeVariablesTraits<Dumux::SwitchablePrimaryVariables<Dune::FieldVector<double, 12>, int>, Dumux::FluidSystems::LeoMinFluid<double, Dumux::ICP::CO2Tables, Dumux::Components::TabulatedComponent<Dumux::Components::H2O<double>, true> >, Dumux::CompositionalSecCompFluidState<double, Dumux::FluidSystems::LeoMinFluid<double, Dumux::ICP::CO2Tables, Dumux::Components::TabulatedComponent<Dumux::Components::H2O<double>, true> > >, Dumux::SolidSystems::LeoMinSolidPhase<double>, Dumux::CompositionalSolidState<double, Dumux::SolidSystems::LeoMinSolidPhase<double> >, double, Dumux::MineralizationModelTraits<Dumux::TwoPICPModelTraits<9, true, true, Dumux::TwoPFormulation::p0s1, 6, 9>, 4, 1>, Dumux::ICP::CO2Tables, Dumux::LeoMinCarbonicAcid<Dumux::Properties::TTag::LEOColumnBoxTypeTag, Dumux::ICP::CO2Tables, Dumux::MineralizationModelTraits<Dumux::TwoPICPModelTraits<9, true, true, Dumux::TwoPFormulation::p0s1, 6, 9>, 4, 1> > >, Dumux::TwoPICPVolumeVariables<Dumux::TwoPICPVolumeVariablesTraits<Dumux::SwitchablePrimaryVariables<Dune::FieldVector<double, 12>, int>, Dumux::FluidSystems::LeoMinFluid<double, Dumux::ICP::CO2Tables, Dumux::Components::TabulatedComponent<Dumux::Components::H2O<double>, true> >, Dumux::CompositionalSecCompFluidState<double, Dumux::FluidSystems::LeoMinFluid<double, Dumux::ICP::CO2Tables, Dumux::Components::TabulatedComponent<Dumux::Components::H2O<double>, true> > >, Dumux::SolidSystems::LeoMinSolidPhase<double>, Dumux::CompositionalSolidState<double, Dumux::SolidSystems::LeoMinSolidPhase<double> >, double, Dumux::MineralizationModelTraits<Dumux::TwoPICPModelTraits<9, true, true, Dumux::TwoPFormulation::p0s1, 6, 9>, 4, 1>, Dumux::ICP::CO2Tables, Dumux::LeoMinCarbonicAcid<Dumux::Properties::TTag::LEOColumnBoxTypeTag, Dumux::ICP::CO2Tables, Dumux::MineralizationModelTraits<Dumux::TwoPICPModelTraits<9, true, true, Dumux::TwoPFormulation::p0s1, 6, 9>, 4, 1> > > > > > >, false>]’
/home/janewendu/hommel2019a/dumux/dumux/assembly/fvlocalassemblerbase.hh:141:76:   [ skipping 2 instantiation contexts, use -ftemplate-backtrace-limit=0 to disable ]
/home/janewendu/hommel2019a/dumux/dumux/assembly/boxlocalassembler.hh:185:54:   required from ‘void Dumux::BoxLocalAssemblerBase<TypeTag, Assembler, Implementation, implicit>::assembleResidual(SolutionVector&) [with TypeTag = Dumux::Properties::TTag::LEOColumnBoxTypeTag; Assembler = Dumux::FVAssembler<Dumux::Properties::TTag::LEOColumnBoxTypeTag, Dumux::DiffMethod::numeric>; Implementation = Dumux::BoxLocalAssembler<Dumux::Properties::TTag::LEOColumnBoxTypeTag, Dumux::FVAssembler<Dumux::Properties::TTag::LEOColumnBoxTypeTag, Dumux::DiffMethod::numeric>, Dumux::DiffMethod::numeric, true>; bool implicit = true; SolutionVector = Dune::BlockVector<Dumux::SwitchablePrimaryVariables<Dune::FieldVector<double, 12>, int>, std::allocator<Dumux::SwitchablePrimaryVariables<Dune::FieldVector<double, 12>, int> > >]’
/home/janewendu/hommel2019a/dumux/dumux/assembly/fvassembler.hh:180:44:   required from ‘void Dumux::FVAssembler<TypeTag, diffMethod, isImplicit>::assembleResidual(ResidualType&, const SolutionVector&) const [with TypeTag = Dumux::Properties::TTag::LEOColumnBoxTypeTag; Dumux::DiffMethod diffMethod = Dumux::DiffMethod::numeric; bool isImplicit = true; ResidualType = Dune::BlockVector<Dumux::SwitchablePrimaryVariables<Dune::FieldVector<double, 12>, int>, std::allocator<Dumux::SwitchablePrimaryVariables<Dune::FieldVector<double, 12>, int> > >; SolutionVector = Dune::BlockVector<Dumux::SwitchablePrimaryVariables<Dune::FieldVector<double, 12>, int>, std::allocator<Dumux::SwitchablePrimaryVariables<Dune::FieldVector<double, 12>, int> > >]’
/home/janewendu/hommel2019a/dumux/dumux/assembly/fvassembler.hh:166:25:   required from ‘void Dumux::FVAssembler<TypeTag, diffMethod, isImplicit>::assembleResidual(const SolutionVector&) [with TypeTag = Dumux::Properties::TTag::LEOColumnBoxTypeTag; Dumux::DiffMethod diffMethod = Dumux::DiffMethod::numeric; bool isImplicit = true; SolutionVector = Dune::BlockVector<Dumux::SwitchablePrimaryVariables<Dune::FieldVector<double, 12>, int>, std::allocator<Dumux::SwitchablePrimaryVariables<Dune::FieldVector<double, 12>, int> > >]’
/home/janewendu/hommel2019a/dumux/dumux/nonlinear/newtonsolver.hh:916:55:   required from ‘bool Dumux::NewtonSolver<Assembler, LinearSolver, Reassembler, Comm>::solve_(SolutionVector&) [with Assembler = Dumux::FVAssembler<Dumux::Properties::TTag::LEOColumnBoxTypeTag, Dumux::DiffMethod::numeric>; LinearSolver = Dumux::ILU0BiCGSTABBackend; Reassembler = Dumux::PartialReassembler<Dumux::FVAssembler<Dumux::Properties::TTag::LEOColumnBoxTypeTag, Dumux::DiffMethod::numeric> >; Comm = Dune::CollectiveCommunication<ompi_communicator_t*>; SolutionVector = Dune::BlockVector<Dumux::SwitchablePrimaryVariables<Dune::FieldVector<double, 12>, int>, std::allocator<Dumux::SwitchablePrimaryVariables<Dune::FieldVector<double, 12>, int> > >]’
/home/janewendu/hommel2019a/dumux/dumux/nonlinear/newtonsolver.hh:240:36:   required from ‘void Dumux::NewtonSolver<Assembler, LinearSolver, Reassembler, Comm>::solve(SolutionVector&, TimeLoop&) [with Assembler = Dumux::FVAssembler<Dumux::Properties::TTag::LEOColumnBoxTypeTag, Dumux::DiffMethod::numeric>; LinearSolver = Dumux::ILU0BiCGSTABBackend; Reassembler = Dumux::PartialReassembler<Dumux::FVAssembler<Dumux::Properties::TTag::LEOColumnBoxTypeTag, Dumux::DiffMethod::numeric> >; Comm = Dune::CollectiveCommunication<ompi_communicator_t*>; SolutionVector = Dune::BlockVector<Dumux::SwitchablePrimaryVariables<Dune::FieldVector<double, 12>, int>, std::allocator<Dumux::SwitchablePrimaryVariables<Dune::FieldVector<double, 12>, int> > >; TimeLoop = Dumux::TimeLoopBase<double>]’
/home/janewendu/hommel2019a/hommel2019a/appl/icp/eicp/leo.cc:281:30:   required from here
/home/janewendu/hommel2019a/hommel2019a/dumux/material/chemistry/biogeochemistry/leocarbonicacid.hh:907:16: warning: unused variable ‘temperatureC’ [-Wunused-variable]
  907 |         Scalar temperatureC = volVars.temperature() - 273.15; //temperature in °C
      |                ^~~~~~~~~~~~
/home/janewendu/hommel2019a/hommel2019a/dumux/material/chemistry/biogeochemistry/leocarbonicacid.hh:915:16: warning: unused variable ‘xWWater’ -Wunused-variable]
  915 |         Scalar xWWater = volVars.moleFraction(wPhaseIdx,wCompIdx);
      |                ^~~~~~~
/home/janewendu/hommel2019a/hommel2019a/dumux/material/chemistry/biogeochemistry/leocarbonicacid.hh:934:16: warning: unused variable ‘mH’ [-Wunused-variable]
  934 |         Scalar mH = moleFracToMolality(volVars.moleFraction(wPhaseIdx,HIdx), xlSalinity, volVars.moleFraction(wPhaseIdx,nCompIdx));  //[mol_H/kg_H2O]
      |                ^~
/home/janewendu/hommel2019a/hommel2019a/dumux/material/chemistry/biogeochemistry/leocarbonicacid.hh:973:16: warning: variable ‘fAcw’ set but not used [-Wunused-but-set-variable]
  973 |         Scalar fAcw = fac_ * volFracFerrohydrite;
      |                ^~~~
/home/janewendu/hommel2019a/hommel2019a/dumux/material/chemistry/biogeochemistry/leocarbonicacid.hh:1007:16: warning: variable ‘Acw’ set but not used [-Wunused-but-set-variable]
 1007 |         Scalar Acw = ac_ * volFracCalcite;
      |                ^~~
/home/janewendu/hommel2019a/hommel2019a/dumux/material/chemistry/biogeochemistry/leocarbonicacid.hh: In instantiation of ‘static Dumux::LeoMinCarbonicAcid<TypeTag, CO2Tables, ModelTraits>::Scalar Dumux::LeoMinCarbonicAcid<TypeTag, CO2Tables, ModelTraits>::Appa_Ksp(Scalar, Scalar, Scalar, Scalar, Scalar, Scalar, Scalar) [with TypeTag = Dumux::Properties::TTag::LEOColumnBoxTypeTag; CO2Tables = Dumux::ICP::CO2Tables; ModelTraits = Dumux::MineralizationModelTraits<Dumux::TwoPICPModelTraits<9, true, true, Dumux::TwoPFormulation::p0s1, 6, 9>, 4, 1>; Scalar = double]’:
/home/janewendu/hommel2019a/hommel2019a/dumux/material/chemistry/biogeochemistry/leocarbonicacid.hh:998:30:   required from ‘Dumux::LeoMinCarbonicAcid<TypeTag, CO2Tables, ModelTraits>::Sources Dumux::LeoMinCarbonicAcid<TypeTag, CO2Tables, ModelTraits>::reactionSource(const VolumeVariables&, Scalar) [with TypeTag = Dumux::Properties::TTag::LEOColumnBoxTypeTag; CO2Tables = Dumux::ICP::CO2Tables; ModelTraits = Dumux::MineralizationModelTraits<Dumux::TwoPICPModelTraits<9, true, true, Dumux::TwoPFormulation::p0s1, 6, 9>, 4, 1>; Sources = Dune::FieldVector<double, 12>; VolumeVariables = Dumux::MineralizationVolumeVariables<Dumux::TwoPICPVolumeVariablesTraits<Dumux::SwitchablePrimaryVariables<Dune::FieldVector<double, 12>, int>, Dumux::FluidSystems::LeoMinFluid<double, Dumux::ICP::CO2Tables, Dumux::Components::TabulatedComponent<Dumux::Components::H2O<double>, true> >, Dumux::CompositionalSecCompFluidState<double, Dumux::FluidSystems::LeoMinFluid<double, Dumux::ICP::CO2Tables, Dumux::Components::TabulatedComponent<Dumux::Components::H2O<double>, true> > >, Dumux::SolidSystems::LeoMinSolidPhase<double>, Dumux::CompositionalSolidState<double, Dumux::SolidSystems::LeoMinSolidPhase<double> >, double, Dumux::MineralizationModelTraits<Dumux::TwoPICPModelTraits<9, true, true, Dumux::TwoPFormulation::p0s1, 6, 9>, 4, 1>, Dumux::ICP::CO2Tables, Dumux::LeoMinCarbonicAcid<Dumux::Properties::TTag::LEOColumnBoxTypeTag, Dumux::ICP::CO2Tables, Dumux::MineralizationModelTraits<Dumux::TwoPICPModelTraits<9, true, true, Dumux::TwoPFormulation::p0s1, 6, 9>, 4, 1> > >, Dumux::TwoPICPVolumeVariables<Dumux::TwoPICPVolumeVariablesTraits<Dumux::SwitchablePrimaryVariables<Dune::FieldVector<double, 12>, int>, Dumux::FluidSystems::LeoMinFluid<double, Dumux::ICP::CO2Tables, Dumux::Components::TabulatedComponent<Dumux::Components::H2O<double>, true> >, Dumux::CompositionalSecCompFluidState<double, Dumux::FluidSystems::LeoMinFluid<double, Dumux::ICP::CO2Tables, Dumux::Components::TabulatedComponent<Dumux::Components::H2O<double>, true> > >, Dumux::SolidSystems::LeoMinSolidPhase<double>, Dumux::CompositionalSolidState<double, Dumux::SolidSystems::LeoMinSolidPhase<double> >, double, Dumux::MineralizationModelTraits<Dumux::TwoPICPModelTraits<9, true, true, Dumux::TwoPFormulation::p0s1, 6, 9>, 4, 1>, Dumux::ICP::CO2Tables, Dumux::LeoMinCarbonicAcid<Dumux::Properties::TTag::LEOColumnBoxTypeTag, Dumux::ICP::CO2Tables, Dumux::MineralizationModelTraits<Dumux::TwoPICPModelTraits<9, true, true, Dumux::TwoPFormulation::p0s1, 6, 9>, 4, 1> > > > >; Scalar = double]’
/home/janewendu/hommel2019a/hommel2019a/appl/icp/eicp/leocolumnproblem.hh:535:42:   required from ‘Dumux::LEOColumnProblem<TypeTag>::NumEqVector Dumux::LEOColumnProblem<TypeTag>::source(const Element&, const FVElementGeometry&, const ElementVolumeVariables&, const SubControlVolume&) const [with TypeTag = Dumux::Properties::TTag::LEOColumnBoxTypeTag; NumEqVector = Dune::FieldVector<double, 12>; Element = Dune::Entity<0, 1, const Dune::YaspGrid<1>, Dune::YaspEntity>; FVElementGeometry = Dumux::BoxFVElementGeometry<Dumux::BoxFVGridGeometry<double, Dune::GridView<Dune::DefaultLeafGridViewTraits<const Dune::YaspGrid<1> > >, false, Dumux::BoxDefaultGridGeometryTraits<Dune::GridView<Dune::DefaultLeafGridViewTraits<const Dune::YaspGrid<1> > >, Dumux::DefaultMapperTraits<Dune::GridView<Dune::DefaultLeafGridViewTraits<const Dune::YaspGrid<1> > >, Dune::MultipleCodimMultipleGeomTypeMapper<Dune::GridView<Dune::DefaultLeafGridViewTraits<const Dune::YaspGrid<1> > >, Dune::Impl::MCMGFailLayout>, Dune::MultipleCodimMultipleGeomTypeMapper<Dune::GridView<Dune::DefaultLeafGridViewTraits<const Dune::YaspGrid<1> > >, Dune::Impl::MCMGFailLayout> > > >, false>; ElementVolumeVariables = Dumux::BoxElementVolumeVariables<Dumux::BoxGridVolumeVariables<Dumux::LEOColumnProblem<Dumux::Properties::TTag::LEOColumnBoxTypeTag>, Dumux::MineralizationVolumeVariables<Dumux::TwoPICPVolumeVariablesTraits<Dumux::SwitchablePrimaryVariables<Dune::FieldVector<double, 12>, int>, Dumux::FluidSystems::LeoMinFluid<double, Dumux::ICP::CO2Tables, Dumux::Components::TabulatedComponent<Dumux::Components::H2O<double>, true> >, Dumux::CompositionalSecCompFluidState<double, Dumux::FluidSystems::LeoMinFluid<double, Dumux::ICP::CO2Tables, Dumux::Components::TabulatedComponent<Dumux::Components::H2O<double>, true> > >, Dumux::SolidSystems::LeoMinSolidPhase<double>, Dumux::CompositionalSolidState<double, Dumux::SolidSystems::LeoMinSolidPhase<double> >, double, Dumux::MineralizationModelTraits<Dumux::TwoPICPModelTraits<9, true, true, Dumux::TwoPFormulation::p0s1, 6, 9>, 4, 1>, Dumux::ICP::CO2Tables, Dumux::LeoMinCarbonicAcid<Dumux::Properties::TTag::LEOColumnBoxTypeTag, Dumux::ICP::CO2Tables, Dumux::MineralizationModelTraits<Dumux::TwoPICPModelTraits<9, true, true, Dumux::TwoPFormulation::p0s1, 6, 9>, 4, 1> > >, Dumux::TwoPICPVolumeVariables<Dumux::TwoPICPVolumeVariablesTraits<Dumux::SwitchablePrimaryVariables<Dune::FieldVector<double, 12>, int>, Dumux::FluidSystems::LeoMinFluid<double, Dumux::ICP::CO2Tables, Dumux::Components::TabulatedComponent<Dumux::Components::H2O<double>, true> >, Dumux::CompositionalSecCompFluidState<double, Dumux::FluidSystems::LeoMinFluid<double, Dumux::ICP::CO2Tables, Dumux::Components::TabulatedComponent<Dumux::Components::H2O<double>, true> > >, Dumux::SolidSystems::LeoMinSolidPhase<double>, Dumux::CompositionalSolidState<double, Dumux::SolidSystems::LeoMinSolidPhase<double> >, double, Dumux::MineralizationModelTraits<Dumux::TwoPICPModelTraits<9, true, true, Dumux::TwoPFormulation::p0s1, 6, 9>, 4, 1>, Dumux::ICP::CO2Tables, Dumux::LeoMinCarbonicAcid<Dumux::Properties::TTag::LEOColumnBoxTypeTag, Dumux::ICP::CO2Tables, Dumux::MineralizationModelTraits<Dumux::TwoPICPModelTraits<9, true, true, Dumux::TwoPFormulation::p0s1, 6, 9>, 4, 1> > > > >, false, Dumux::BoxDefaultGridVolumeVariablesTraits<Dumux::LEOColumnProblem<Dumux::Properties::TTag::LEOColumnBoxTypeTag>, Dumux::MineralizationVolumeVariables<Dumux::TwoPICPVolumeVariablesTraits<Dumux::SwitchablePrimaryVariables<Dune::FieldVector<double, 12>, int>, Dumux::FluidSystems::LeoMinFluid<double, Dumux::ICP::CO2Tables, Dumux::Components::TabulatedComponent<Dumux::Components::H2O<double>, true> >, Dumux::CompositionalSecCompFluidState<double, Dumux::FluidSystems::LeoMinFluid<double, Dumux::ICP::CO2Tables, Dumux::Components::TabulatedComponent<Dumux::Components::H2O<double>, true> > >, Dumux::SolidSystems::LeoMinSolidPhase<double>, Dumux::CompositionalSolidState<double, Dumux::SolidSystems::LeoMinSolidPhase<double> >, double, Dumux::MineralizationModelTraits<Dumux::TwoPICPModelTraits<9, true, true, Dumux::TwoPFormulation::p0s1, 6, 9>, 4, 1>, Dumux::ICP::CO2Tables, Dumux::LeoMinCarbonicAcid<Dumux::Properties::TTag::LEOColumnBoxTypeTag, Dumux::ICP::CO2Tables, Dumux::MineralizationModelTraits<Dumux::TwoPICPModelTraits<9, true, true, Dumux::TwoPFormulation::p0s1, 6, 9>, 4, 1> > >, Dumux::TwoPICPVolumeVariables<Dumux::TwoPICPVolumeVariablesTraits<Dumux::SwitchablePrimaryVariables<Dune::FieldVector<double, 12>, int>, Dumux::FluidSystems::LeoMinFluid<double, Dumux::ICP::CO2Tables, Dumux::Components::TabulatedComponent<Dumux::Components::H2O<double>, true> >, Dumux::CompositionalSecCompFluidState<double, Dumux::FluidSystems::LeoMinFluid<double, Dumux::ICP::CO2Tables, Dumux::Components::TabulatedComponent<Dumux::Components::H2O<double>, true> > >, Dumux::SolidSystems::LeoMinSolidPhase<double>, Dumux::CompositionalSolidState<double, Dumux::SolidSystems::LeoMinSolidPhase<double> >, double, Dumux::MineralizationModelTraits<Dumux::TwoPICPModelTraits<9, true, true, Dumux::TwoPFormulation::p0s1, 6, 9>, 4, 1>, Dumux::ICP::CO2Tables, Dumux::LeoMinCarbonicAcid<Dumux::Properties::TTag::LEOColumnBoxTypeTag, Dumux::ICP::CO2Tables, Dumux::MineralizationModelTraits<Dumux::TwoPICPModelTraits<9, true, true, Dumux::TwoPFormulation::p0s1, 6, 9>, 4, 1> > > > > > >, false>; SubControlVolume = Dumux::BoxSubControlVolume<Dune::GridView<Dune::DefaultLeafGridViewTraits<const Dune::YaspGrid<1> > >, Dumux::BoxDefaultScvGeometryTraits<Dune::GridView<Dune::DefaultLeafGridViewTraits<const Dune::YaspGrid<1> > > > >]’
/home/janewendu/hommel2019a/dumux/dumux/assembly/fvlocalresidual.hh:229:33:   required from ‘Dumux::FVLocalResidual<TypeTag>::NumEqVector Dumux::FVLocalResidual<TypeTag>::computeSource(const Problem&, const Element&, const FVElementGeometry&, const ElementVolumeVariables&, const SubControlVolume&) const [with TypeTag = Dumux::Properties::TTag::LEOColumnBoxTypeTag; NumEqVector = Dune::FieldVector<double, 12>; Problem = Dumux::LEOColumnProblem<Dumux::Properties::TTag::LEOColumnBoxTypeTag>; Element = Dune::Entity<0, 1, const Dune::YaspGrid<1>, Dune::YaspEntity>; FVElementGeometry = Dumux::BoxFVElementGeometry<Dumux::BoxFVGridGeometry<double, Dune::GridView<Dune::DefaultLeafGridViewTraits<const Dune::YaspGrid<1> > >, false, Dumux::BoxDefaultGridGeometryTraits<Dune::GridView<Dune::DefaultLeafGridViewTraits<const Dune::YaspGrid<1> > >, Dumux::DefaultMapperTraits<Dune::GridView<Dune::DefaultLeafGridViewTraits<const Dune::YaspGrid<1> > >, Dune::MultipleCodimMultipleGeomTypeMapper<Dune::GridView<Dune::DefaultLeafGridViewTraits<const Dune::YaspGrid<1> > >, Dune::Impl::MCMGFailLayout>, Dune::MultipleCodimMultipleGeomTypeMapper<Dune::GridView<Dune::DefaultLeafGridViewTraits<const Dune::YaspGrid<1> > >, Dune::Impl::MCMGFailLayout> > > >, false>; ElementVolumeVariables = Dumux::BoxElementVolumeVariables<Dumux::BoxGridVolumeVariables<Dumux::LEOColumnProblem<Dumux::Properties::TTag::LEOColumnBoxTypeTag>, Dumux::MineralizationVolumeVariables<Dumux::TwoPICPVolumeVariablesTraits<Dumux::SwitchablePrimaryVariables<Dune::FieldVector<double, 12>, int>, Dumux::FluidSystems::LeoMinFluid<double, Dumux::ICP::CO2Tables, Dumux::Components::TabulatedComponent<Dumux::Components::H2O<double>, true> >, Dumux::CompositionalSecCompFluidState<double, Dumux::FluidSystems::LeoMinFluid<double, Dumux::ICP::CO2Tables, Dumux::Components::TabulatedComponent<Dumux::Components::H2O<double>, true> > >, Dumux::SolidSystems::LeoMinSolidPhase<double>, Dumux::CompositionalSolidState<double, Dumux::SolidSystems::LeoMinSolidPhase<double> >, double, Dumux::MineralizationModelTraits<Dumux::TwoPICPModelTraits<9, true, true, Dumux::TwoPFormulation::p0s1, 6, 9>, 4, 1>, Dumux::ICP::CO2Tables, Dumux::LeoMinCarbonicAcid<Dumux::Properties::TTag::LEOColumnBoxTypeTag, Dumux::ICP::CO2Tables, Dumux::MineralizationModelTraits<Dumux::TwoPICPModelTraits<9, true, true, Dumux::TwoPFormulation::p0s1, 6, 9>, 4, 1> > >, Dumux::TwoPICPVolumeVariables<Dumux::TwoPICPVolumeVariablesTraits<Dumux::SwitchablePrimaryVariables<Dune::FieldVector<double, 12>, int>, Dumux::FluidSystems::LeoMinFluid<double, Dumux::ICP::CO2Tables, Dumux::Components::TabulatedComponent<Dumux::Components::H2O<double>, true> >, Dumux::CompositionalSecCompFluidState<double, Dumux::FluidSystems::LeoMinFluid<double, Dumux::ICP::CO2Tables, Dumux::Components::TabulatedComponent<Dumux::Components::H2O<double>, true> > >, Dumux::SolidSystems::LeoMinSolidPhase<double>, Dumux::CompositionalSolidState<double, Dumux::SolidSystems::LeoMinSolidPhase<double> >, double, Dumux::MineralizationModelTraits<Dumux::TwoPICPModelTraits<9, true, true, Dumux::TwoPFormulation::p0s1, 6, 9>, 4, 1>, Dumux::ICP::CO2Tables, Dumux::LeoMinCarbonicAcid<Dumux::Properties::TTag::LEOColumnBoxTypeTag, Dumux::ICP::CO2Tables, Dumux::MineralizationModelTraits<Dumux::TwoPICPModelTraits<9, true, true, Dumux::TwoPFormulation::p0s1, 6, 9>, 4, 1> > > > >, false, Dumux::BoxDefaultGridVolumeVariablesTraits<Dumux::LEOColumnProblem<Dumux::Properties::TTag::LEOColumnBoxTypeTag>, Dumux::MineralizationVolumeVariables<Dumux::TwoPICPVolumeVariablesTraits<Dumux::SwitchablePrimaryVariables<Dune::FieldVector<double, 12>, int>, Dumux::FluidSystems::LeoMinFluid<double, Dumux::ICP::CO2Tables, Dumux::Components::TabulatedComponent<Dumux::Components::H2O<double>, true> >, Dumux::CompositionalSecCompFluidState<double, Dumux::FluidSystems::LeoMinFluid<double, Dumux::ICP::CO2Tables, Dumux::Components::TabulatedComponent<Dumux::Components::H2O<double>, true> > >, Dumux::SolidSystems::LeoMinSolidPhase<double>, Dumux::CompositionalSolidState<double, Dumux::SolidSystems::LeoMinSolidPhase<double> >, double, Dumux::MineralizationModelTraits<Dumux::TwoPICPModelTraits<9, true, true, Dumux::TwoPFormulation::p0s1, 6, 9>, 4, 1>, Dumux::ICP::CO2Tables, Dumux::LeoMinCarbonicAcid<Dumux::Properties::TTag::LEOColumnBoxTypeTag, Dumux::ICP::CO2Tables, Dumux::MineralizationModelTraits<Dumux::TwoPICPModelTraits<9, true, true, Dumux::TwoPFormulation::p0s1, 6, 9>, 4, 1> > >, Dumux::TwoPICPVolumeVariables<Dumux::TwoPICPVolumeVariablesTraits<Dumux::SwitchablePrimaryVariables<Dune::FieldVector<double, 12>, int>, Dumux::FluidSystems::LeoMinFluid<double, Dumux::ICP::CO2Tables, Dumux::Components::TabulatedComponent<Dumux::Components::H2O<double>, true> >, Dumux::CompositionalSecCompFluidState<double, Dumux::FluidSystems::LeoMinFluid<double, Dumux::ICP::CO2Tables, Dumux::Components::TabulatedComponent<Dumux::Components::H2O<double>, true> > >, Dumux::SolidSystems::LeoMinSolidPhase<double>, Dumux::CompositionalSolidState<double, Dumux::SolidSystems::LeoMinSolidPhase<double> >, double, Dumux::MineralizationModelTraits<Dumux::TwoPICPModelTraits<9, true, true, Dumux::TwoPFormulation::p0s1, 6, 9>, 4, 1>, Dumux::ICP::CO2Tables, Dumux::LeoMinCarbonicAcid<Dumux::Properties::TTag::LEOColumnBoxTypeTag, Dumux::ICP::CO2Tables, Dumux::MineralizationModelTraits<Dumux::TwoPICPModelTraits<9, true, true, Dumux::TwoPFormulation::p0s1, 6, 9>, 4, 1> > > > > > >, false>; SubControlVolume = Dumux::BoxSubControlVolume<Dune::GridView<Dune::DefaultLeafGridViewTraits<const Dune::YaspGrid<1> > >, Dumux::BoxDefaultScvGeometryTraits<Dune::GridView<Dune::DefaultLeafGridViewTraits<const Dune::YaspGrid<1> > > > >]’
/home/janewendu/hommel2019a/dumux/dumux/assembly/fvlocalresidual.hh:338:51:   required from ‘void Dumux::FVLocalResidual<TypeTag>::evalSource(ElementResidualVector&, const Problem&, const Element&, const FVElementGeometry&, const ElementVolumeVariables&, const SubControlVolume&) const [with TypeTag = Dumux::Properties::TTag::LEOColumnBoxTypeTag; ElementResidualVector = Dumux::ReservedBlockVector<Dune::FieldVector<double, 12>, 2>; Problem = Dumux::LEOColumnProblem<Dumux::Properties::TTag::LEOColumnBoxTypeTag>; Element = Dune::Entity<0, 1, const Dune::YaspGrid<1>, Dune::YaspEntity>; FVElementGeometry = Dumux::BoxFVElementGeometry<Dumux::BoxFVGridGeometry<double, Dune::GridView<Dune::DefaultLeafGridViewTraits<const Dune::YaspGrid<1> > >, false, Dumux::BoxDefaultGridGeometryTraits<Dune::GridView<Dune::DefaultLeafGridViewTraits<const Dune::YaspGrid<1> > >, Dumux::DefaultMapperTraits<Dune::GridView<Dune::DefaultLeafGridViewTraits<const Dune::YaspGrid<1> > >, Dune::MultipleCodimMultipleGeomTypeMapper<Dune::GridView<Dune::DefaultLeafGridViewTraits<const Dune::YaspGrid<1> > >, Dune::Impl::MCMGFailLayout>, Dune::MultipleCodimMultipleGeomTypeMapper<Dune::GridView<Dune::DefaultLeafGridViewTraits<const Dune::YaspGrid<1> > >, Dune::Impl::MCMGFailLayout> > > >, false>; ElementVolumeVariables = Dumux::BoxElementVolumeVariables<Dumux::BoxGridVolumeVariables<Dumux::LEOColumnProblem<Dumux::Properties::TTag::LEOColumnBoxTypeTag>, Dumux::MineralizationVolumeVariables<Dumux::TwoPICPVolumeVariablesTraits<Dumux::SwitchablePrimaryVariables<Dune::FieldVector<double, 12>, int>, Dumux::FluidSystems::LeoMinFluid<double, Dumux::ICP::CO2Tables, Dumux::Components::TabulatedComponent<Dumux::Components::H2O<double>, true> >, Dumux::CompositionalSecCompFluidState<double, Dumux::FluidSystems::LeoMinFluid<double, Dumux::ICP::CO2Tables, Dumux::Components::TabulatedComponent<Dumux::Components::H2O<double>, true> > >, Dumux::SolidSystems::LeoMinSolidPhase<double>, Dumux::CompositionalSolidState<double, Dumux::SolidSystems::LeoMinSolidPhase<double> >, double, Dumux::MineralizationModelTraits<Dumux::TwoPICPModelTraits<9, true, true, Dumux::TwoPFormulation::p0s1, 6, 9>, 4, 1>, Dumux::ICP::CO2Tables, Dumux::LeoMinCarbonicAcid<Dumux::Properties::TTag::LEOColumnBoxTypeTag, Dumux::ICP::CO2Tables, Dumux::MineralizationModelTraits<Dumux::TwoPICPModelTraits<9, true, true, Dumux::TwoPFormulation::p0s1, 6, 9>, 4, 1> > >, Dumux::TwoPICPVolumeVariables<Dumux::TwoPICPVolumeVariablesTraits<Dumux::SwitchablePrimaryVariables<Dune::FieldVector<double, 12>, int>, Dumux::FluidSystems::LeoMinFluid<double, Dumux::ICP::CO2Tables, Dumux::Components::TabulatedComponent<Dumux::Components::H2O<double>, true> >, Dumux::CompositionalSecCompFluidState<double, Dumux::FluidSystems::LeoMinFluid<double, Dumux::ICP::CO2Tables, Dumux::Components::TabulatedComponent<Dumux::Components::H2O<double>, true> > >, Dumux::SolidSystems::LeoMinSolidPhase<double>, Dumux::CompositionalSolidState<double, Dumux::SolidSystems::LeoMinSolidPhase<double> >, double, Dumux::MineralizationModelTraits<Dumux::TwoPICPModelTraits<9, true, true, Dumux::TwoPFormulation::p0s1, 6, 9>, 4, 1>, Dumux::ICP::CO2Tables, Dumux::LeoMinCarbonicAcid<Dumux::Properties::TTag::LEOColumnBoxTypeTag, Dumux::ICP::CO2Tables, Dumux::MineralizationModelTraits<Dumux::TwoPICPModelTraits<9, true, true, Dumux::TwoPFormulation::p0s1, 6, 9>, 4, 1> > > > >, false, Dumux::BoxDefaultGridVolumeVariablesTraits<Dumux::LEOColumnProblem<Dumux::Properties::TTag::LEOColumnBoxTypeTag>, Dumux::MineralizationVolumeVariables<Dumux::TwoPICPVolumeVariablesTraits<Dumux::SwitchablePrimaryVariables<Dune::FieldVector<double, 12>, int>, Dumux::FluidSystems::LeoMinFluid<double, Dumux::ICP::CO2Tables, Dumux::Components::TabulatedComponent<Dumux::Components::H2O<double>, true> >, Dumux::CompositionalSecCompFluidState<double, Dumux::FluidSystems::LeoMinFluid<double, Dumux::ICP::CO2Tables, Dumux::Components::TabulatedComponent<Dumux::Components::H2O<double>, true> > >, Dumux::SolidSystems::LeoMinSolidPhase<double>, Dumux::CompositionalSolidState<double, Dumux::SolidSystems::LeoMinSolidPhase<double> >, double, Dumux::MineralizationModelTraits<Dumux::TwoPICPModelTraits<9, true, true, Dumux::TwoPFormulation::p0s1, 6, 9>, 4, 1>, Dumux::ICP::CO2Tables, Dumux::LeoMinCarbonicAcid<Dumux::Properties::TTag::LEOColumnBoxTypeTag, Dumux::ICP::CO2Tables, Dumux::MineralizationModelTraits<Dumux::TwoPICPModelTraits<9, true, true, Dumux::TwoPFormulation::p0s1, 6, 9>, 4, 1> > >, Dumux::TwoPICPVolumeVariables<Dumux::TwoPICPVolumeVariablesTraits<Dumux::SwitchablePrimaryVariables<Dune::FieldVector<double, 12>, int>, Dumux::FluidSystems::LeoMinFluid<double, Dumux::ICP::CO2Tables, Dumux::Components::TabulatedComponent<Dumux::Components::H2O<double>, true> >, Dumux::CompositionalSecCompFluidState<double, Dumux::FluidSystems::LeoMinFluid<double, Dumux::ICP::CO2Tables, Dumux::Components::TabulatedComponent<Dumux::Components::H2O<double>, true> > >, Dumux::SolidSystems::LeoMinSolidPhase<double>, Dumux::CompositionalSolidState<double, Dumux::SolidSystems::LeoMinSolidPhase<double> >, double, Dumux::MineralizationModelTraits<Dumux::TwoPICPModelTraits<9, true, true, Dumux::TwoPFormulation::p0s1, 6, 9>, 4, 1>, Dumux::ICP::CO2Tables, Dumux::LeoMinCarbonicAcid<Dumux::Properties::TTag::LEOColumnBoxTypeTag, Dumux::ICP::CO2Tables, Dumux::MineralizationModelTraits<Dumux::TwoPICPModelTraits<9, true, true, Dumux::TwoPFormulation::p0s1, 6, 9>, 4, 1> > > > > > >, false>; SubControlVolume = Dumux::BoxSubControlVolume<Dune::GridView<Dune::DefaultLeafGridViewTraits<const Dune::YaspGrid<1> > >, Dumux::BoxDefaultScvGeometryTraits<Dune::GridView<Dune::DefaultLeafGridViewTraits<const Dune::YaspGrid<1> > > > >]’
/home/janewendu/hommel2019a/dumux/dumux/assembly/fvlocalresidual.hh:173:31:   required from ‘Dumux::FVLocalResidual<TypeTag>::ElementResidualVector Dumux::FVLocalResidual<TypeTag>::evalFluxAndSource(const Element&, const FVElementGeometry&, const ElementVolumeVariables&, const ElementFluxVariablesCache&, const ElementBoundaryTypes&) const [with TypeTag = Dumux::Properties::TTag::LEOColumnBoxTypeTag; ElementResidualVector = Dumux::ReservedBlockVector<Dune::FieldVector<double, 12>, 2>; Element = Dune::Entity<0, 1, const Dune::YaspGrid<1>, Dune::YaspEntity>; FVElementGeometry = Dumux::BoxFVElementGeometry<Dumux::BoxFVGridGeometry<double, Dune::GridView<Dune::DefaultLeafGridViewTraits<const Dune::YaspGrid<1> > >, false, Dumux::BoxDefaultGridGeometryTraits<Dune::GridView<Dune::DefaultLeafGridViewTraits<const Dune::YaspGrid<1> > >, Dumux::DefaultMapperTraits<Dune::GridView<Dune::DefaultLeafGridViewTraits<const Dune::YaspGrid<1> > >, Dune::MultipleCodimMultipleGeomTypeMapper<Dune::GridView<Dune::DefaultLeafGridViewTraits<const Dune::YaspGrid<1> > >, Dune::Impl::MCMGFailLayout>, Dune::MultipleCodimMultipleGeomTypeMapper<Dune::GridView<Dune::DefaultLeafGridViewTraits<const Dune::YaspGrid<1> > >, Dune::Impl::MCMGFailLayout> > > >, false>; ElementVolumeVariables = Dumux::BoxElementVolumeVariables<Dumux::BoxGridVolumeVariables<Dumux::LEOColumnProblem<Dumux::Properties::TTag::LEOColumnBoxTypeTag>, Dumux::MineralizationVolumeVariables<Dumux::TwoPICPVolumeVariablesTraits<Dumux::SwitchablePrimaryVariables<Dune::FieldVector<double, 12>, int>, Dumux::FluidSystems::LeoMinFluid<double, Dumux::ICP::CO2Tables, Dumux::Components::TabulatedComponent<Dumux::Components::H2O<double>, true> >, Dumux::CompositionalSecCompFluidState<double, Dumux::FluidSystems::LeoMinFluid<double, Dumux::ICP::CO2Tables, Dumux::Components::TabulatedComponent<Dumux::Components::H2O<double>, true> > >, Dumux::SolidSystems::LeoMinSolidPhase<double>, Dumux::CompositionalSolidState<double, Dumux::SolidSystems::LeoMinSolidPhase<double> >, double, Dumux::MineralizationModelTraits<Dumux::TwoPICPModelTraits<9, true, true, Dumux::TwoPFormulation::p0s1, 6, 9>, 4, 1>, Dumux::ICP::CO2Tables, Dumux::LeoMinCarbonicAcid<Dumux::Properties::TTag::LEOColumnBoxTypeTag, Dumux::ICP::CO2Tables, Dumux::MineralizationModelTraits<Dumux::TwoPICPModelTraits<9, true, true, Dumux::TwoPFormulation::p0s1, 6, 9>, 4, 1> > >, Dumux::TwoPICPVolumeVariables<Dumux::TwoPICPVolumeVariablesTraits<Dumux::SwitchablePrimaryVariables<Dune::FieldVector<double, 12>, int>, Dumux::FluidSystems::LeoMinFluid<double, Dumux::ICP::CO2Tables, Dumux::Components::TabulatedComponent<Dumux::Components::H2O<double>, true> >, Dumux::CompositionalSecCompFluidState<double, Dumux::FluidSystems::LeoMinFluid<double, Dumux::ICP::CO2Tables, Dumux::Components::TabulatedComponent<Dumux::Components::H2O<double>, true> > >, Dumux::SolidSystems::LeoMinSolidPhase<double>, Dumux::CompositionalSolidState<double, Dumux::SolidSystems::LeoMinSolidPhase<double> >, double, Dumux::MineralizationModelTraits<Dumux::TwoPICPModelTraits<9, true, true, Dumux::TwoPFormulation::p0s1, 6, 9>, 4, 1>, Dumux::ICP::CO2Tables, Dumux::LeoMinCarbonicAcid<Dumux::Properties::TTag::LEOColumnBoxTypeTag, Dumux::ICP::CO2Tables, Dumux::MineralizationModelTraits<Dumux::TwoPICPModelTraits<9, true, true, Dumux::TwoPFormulation::p0s1, 6, 9>, 4, 1> > > > >, false, Dumux::BoxDefaultGridVolumeVariablesTraits<Dumux::LEOColumnProblem<Dumux::Properties::TTag::LEOColumnBoxTypeTag>, Dumux::MineralizationVolumeVariables<Dumux::TwoPICPVolumeVariablesTraits<Dumux::SwitchablePrimaryVariables<Dune::FieldVector<double, 12>, int>, Dumux::FluidSystems::LeoMinFluid<double, Dumux::ICP::CO2Tables, Dumux::Components::TabulatedComponent<Dumux::Components::H2O<double>, true> >, Dumux::CompositionalSecCompFluidState<double, Dumux::FluidSystems::LeoMinFluid<double, Dumux::ICP::CO2Tables, Dumux::Components::TabulatedComponent<Dumux::Components::H2O<double>, true> > >, Dumux::SolidSystems::LeoMinSolidPhase<double>, Dumux::CompositionalSolidState<double, Dumux::SolidSystems::LeoMinSolidPhase<double> >, double, Dumux::MineralizationModelTraits<Dumux::TwoPICPModelTraits<9, true, true, Dumux::TwoPFormulation::p0s1, 6, 9>, 4, 1>, Dumux::ICP::CO2Tables, Dumux::LeoMinCarbonicAcid<Dumux::Properties::TTag::LEOColumnBoxTypeTag, Dumux::ICP::CO2Tables, Dumux::MineralizationModelTraits<Dumux::TwoPICPModelTraits<9, true, true, Dumux::TwoPFormulation::p0s1, 6, 9>, 4, 1> > >, Dumux::TwoPICPVolumeVariables<Dumux::TwoPICPVolumeVariablesTraits<Dumux::SwitchablePrimaryVariables<Dune::FieldVector<double, 12>, int>, Dumux::FluidSystems::LeoMinFluid<double, Dumux::ICP::CO2Tables, Dumux::Components::TabulatedComponent<Dumux::Components::H2O<double>, true> >, Dumux::CompositionalSecCompFluidState<double, Dumux::FluidSystems::LeoMinFluid<double, Dumux::ICP::CO2Tables, Dumux::Components::TabulatedComponent<Dumux::Components::H2O<double>, true> > >, Dumux::SolidSystems::LeoMinSolidPhase<double>, Dumux::CompositionalSolidState<double, Dumux::SolidSystems::LeoMinSolidPhase<double> >, double, Dumux::MineralizationModelTraits<Dumux::TwoPICPModelTraits<9, true, true, Dumux::TwoPFormulation::p0s1, 6, 9>, 4, 1>, Dumux::ICP::CO2Tables, Dumux::LeoMinCarbonicAcid<Dumux::Properties::TTag::LEOColumnBoxTypeTag, Dumux::ICP::CO2Tables, Dumux::MineralizationModelTraits<Dumux::TwoPICPModelTraits<9, true, true, Dumux::TwoPFormulation::p0s1, 6, 9>, 4, 1> > > > > > >, false>; ElementFluxVariablesCache = Dumux::BoxElementFluxVariablesCache<Dumux::BoxGridFluxVariablesCache<Dumux::LEOColumnProblem<Dumux::Properties::TTag::LEOColumnBoxTypeTag>, Dumux::PorousMediumFluxVariablesCacheImplementation<Dumux::Properties::TTag::LEOColumnBoxTypeTag, Dumux::DiscretizationMethod::box>, false, Dumux::BoxDefaultGridFVCTraits<Dumux::LEOColumnProblem<Dumux::Properties::TTag::LEOColumnBoxTypeTag>, Dumux::PorousMediumFluxVariablesCacheImplementation<Dumux::Properties::TTag::LEOColumnBoxTypeTag, Dumux::DiscretizationMethod::box> > >, false>; ElementBoundaryTypes = Dumux::BoxElementBoundaryTypes<Dumux::BoundaryTypes<12> >]’
/home/janewendu/hommel2019a/dumux/dumux/assembly/fvlocalassemblerbase.hh:168:48:   [ skipping 3 instantiation contexts, use -ftemplate-backtrace-limit=0 to disable ]
/home/janewendu/hommel2019a/dumux/dumux/assembly/boxlocalassembler.hh:185:54:   required from ‘void Dumux::BoxLocalAssemblerBase<TypeTag, Assembler, Implementation, implicit>::assembleResidual(SolutionVector&) [with TypeTag = Dumux::Properties::TTag::LEOColumnBoxTypeTag; Assembler = Dumux::FVAssembler<Dumux::Properties::TTag::LEOColumnBoxTypeTag, Dumux::DiffMethod::numeric>; Implementation = Dumux::BoxLocalAssembler<Dumux::Properties::TTag::LEOColumnBoxTypeTag, Dumux::FVAssembler<Dumux::Properties::TTag::LEOColumnBoxTypeTag, Dumux::DiffMethod::numeric>, Dumux::DiffMethod::numeric, true>; bool implicit = true; SolutionVector = Dune::BlockVector<Dumux::SwitchablePrimaryVariables<Dune::FieldVector<double, 12>, int>, std::allocator<Dumux::SwitchablePrimaryVariables<Dune::FieldVector<double, 12>, int> > >]’
/home/janewendu/hommel2019a/dumux/dumux/assembly/fvassembler.hh:180:44:   required from ‘void Dumux::FVAssembler<TypeTag, diffMethod, isImplicit>::assembleResidual(ResidualType&, const SolutionVector&) const [with TypeTag = Dumux::Properties::TTag::LEOColumnBoxTypeTag; Dumux::DiffMethod diffMethod = Dumux::DiffMethod::numeric; bool isImplicit = true; ResidualType = Dune::BlockVector<Dumux::SwitchablePrimaryVariables<Dune::FieldVector<double, 12>, int>, std::allocator<Dumux::SwitchablePrimaryVariables<Dune::FieldVector<double, 12>, int> > >; SolutionVector = Dune::BlockVector<Dumux::SwitchablePrimaryVariables<Dune::FieldVector<double, 12>, int>, std::allocator<Dumux::SwitchablePrimaryVariables<Dune::FieldVector<double, 12>, int> > >]’
/home/janewendu/hommel2019a/dumux/dumux/assembly/fvassembler.hh:166:25:   required from ‘void Dumux::FVAssembler<TypeTag, diffMethod, isImplicit>::assembleResidual(const SolutionVector&) [with TypeTag = Dumux::Properties::TTag::LEOColumnBoxTypeTag; Dumux::DiffMethod diffMethod = Dumux::DiffMethod::numeric; bool isImplicit = true; SolutionVector = Dune::BlockVector<Dumux::SwitchablePrimaryVariables<Dune::FieldVector<double, 12>, int>, std::allocator<Dumux::SwitchablePrimaryVariables<Dune::FieldVector<double, 12>, int> > >]’
/home/janewendu/hommel2019a/dumux/dumux/nonlinear/newtonsolver.hh:916:55:   required from ‘bool Dumux::NewtonSolver<Assembler, LinearSolver, Reassembler, Comm>::solve_(SolutionVector&) [with Assembler = Dumux::FVAssembler<Dumux::Properties::TTag::LEOColumnBoxTypeTag, Dumux::DiffMethod::numeric>; LinearSolver = Dumux::ILU0BiCGSTABBackend; Reassembler = Dumux::PartialReassembler<Dumux::FVAssembler<Dumux::Properties::TTag::LEOColumnBoxTypeTag, Dumux::DiffMethod::numeric> >; Comm = Dune::CollectiveCommunication<ompi_communicator_t*>; SolutionVector = Dune::BlockVector<Dumux::SwitchablePrimaryVariables<Dune::FieldVector<double, 12>, int>, std::allocator<Dumux::SwitchablePrimaryVariables<Dune::FieldVector<double, 12>, int> > >]’
/home/janewendu/hommel2019a/dumux/dumux/nonlinear/newtonsolver.hh:240:36:   required from ‘void Dumux::NewtonSolver<Assembler, LinearSolver, Reassembler, Comm>::solve(SolutionVector&, TimeLoop&) [with Assembler = Dumux::FVAssembler<Dumux::Properties::TTag::LEOColumnBoxTypeTag, Dumux::DiffMethod::numeric>; LinearSolver = Dumux::ILU0BiCGSTABBackend; Reassembler = Dumux::PartialReassembler<Dumux::FVAssembler<Dumux::Properties::TTag::LEOColumnBoxTypeTag, Dumux::DiffMethod::numeric> >; Comm = Dune::CollectiveCommunication<ompi_communicator_t*>; SolutionVector = Dune::BlockVector<Dumux::SwitchablePrimaryVariables<Dune::FieldVector<double, 12>, int>, std::allocator<Dumux::SwitchablePrimaryVariables<Dune::FieldVector<double, 12>, int> > >; TimeLoop = Dumux::TimeLoopBase<double>]’
/home/janewendu/hommel2019a/hommel2019a/appl/icp/eicp/leo.cc:281:30:   required from here
/home/janewendu/hommel2019a/hommel2019a/dumux/material/chemistry/biogeochemistry/leocarbonicacid.hh:625:14: warning: variable ‘beta_nacl_0’ set but not used [-Wunused-but-set-variable]
  625 |       Scalar beta_nacl_0, beta_nacl_1, C_nacl_phi;
      |              ^~~~~~~~~~~
/home/janewendu/hommel2019a/hommel2019a/dumux/material/chemistry/biogeochemistry/leocarbonicacid.hh:626:14: warning: variable ‘beta_nahco3_0’ set but not used [-Wunused-but-set-variable]
  626 |       Scalar beta_nahco3_0, beta_nahco3_1, C_nahco3_phi;
      |              ^~~~~~~~~~~~~
/home/janewendu/hommel2019a/hommel2019a/dumux/material/chemistry/biogeochemistry/leocarbonicacid.hh:634:14: warning: variable ‘B_nh4cl’ set but not used [-Wunused-but-set-variable]
  634 |       Scalar B_nh4cl, B_nh4co3, B_nh4hco3, B1_nh4cl, B1_nh4co3, B1_nh4hco3, C_nh4cl, C_nh4co3, C_nh4cl_phi, C_nh4co3_phi; /*new*/
      |              ^~~~~~~
/home/janewendu/hommel2019a/hommel2019a/dumux/material/chemistry/biogeochemistry/leocarbonicacid.hh:634:33: warning: variable ‘B_nh4hco3’ set but not used [-Wunused-but-set-variable]
  634 |       Scalar B_nh4cl, B_nh4co3, B_nh4hco3, B1_nh4cl, B1_nh4co3, B1_nh4hco3, C_nh4cl, C_nh4co3, C_nh4cl_phi, C_nh4co3_phi; /*new*/
      |                                 ^~~~~~~~~
In file included from /home/janewendu/hommel2019a/dumux/dumux/porousmediumflow/2pnc/volumevariables.hh:38,
                 from /home/janewendu/hommel2019a/dumux/dumux/porousmediumflow/2pnc/model.hh:104,
                 from /home/janewendu/hommel2019a/hommel2019a/dumux/porousmediumflow/2picp/model.hh:99,
                 from /home/janewendu/hommel2019a/hommel2019a/appl/icp/eicp/leocolumnproblem.hh:39:
In member function ‘void Dumux::CompositionalFluidState<ScalarType, FluidSystem>::setMoleFraction(int, int, Scalar) [with ScalarType = double; FluidSystem = Dumux::FluidSystems::LeoMinFluid<double, Dumux::ICP::CO2Tables, Dumux::Components::TabulatedComponent<Dumux::Components::H2O<double>, true> >]’,
    inlined from ‘void Dumux::TwoPICPVolumeVariables<Traits>::completeFluidState(const ElemSol&, const Problem&, const Element&, const Scv&, FluidState&, SolidState&) [with ElemSol = Dumux::BoxElementSolution<Dumux::BoxFVElementGeometry<Dumux::BoxFVGridGeometry<double, Dune::GridView<Dune::DefaultLeafGridViewTraits<const Dune::YaspGrid<1> > >, false, Dumux::BoxDefaultGridGeometryTraits<Dune::GridView<Dune::DefaultLeafGridViewTraits<const Dune::YaspGrid<1> > >, Dumux::DefaultMapperTraits<Dune::GridView<Dune::DefaultLeafGridViewTraits<const Dune::YaspGrid<1> > >, Dune::MultipleCodimMultipleGeomTypeMapper<Dune::GridView<Dune::DefaultLeafGridViewTraits<const Dune::YaspGrid<1> > >, Dune::Impl::MCMGFailLayout>, Dune::MultipleCodimMultipleGeomTypeMapper<Dune::GridView<Dune::DefaultLeafGridViewTraits<const Dune::YaspGrid<1> > >, Dune::Impl::MCMGFailLayout> > > >, false>, Dumux::SwitchablePrimaryVariables<Dune::FieldVector<double, 12>, int> >; Problem = Dumux::LEOColumnProblem<Dumux::Properties::TTag::LEOColumnBoxTypeTag>; Element = Dune::Entity<0, 1, const Dune::YaspGrid<1>, Dune::YaspEntity>; Scv = Dumux::BoxSubControlVolume<Dune::GridView<Dune::DefaultLeafGridViewTraits<const Dune::YaspGrid<1> > >, Dumux::BoxDefaultScvGeometryTraits<Dune::GridView<Dune::DefaultLeafGridViewTraits<const Dune::YaspGrid<1> > > > >; Traits = Dumux::TwoPICPVolumeVariablesTraits<Dumux::SwitchablePrimaryVariables<Dune::FieldVector<double, 12>, int>, Dumux::FluidSystems::LeoMinFluid<double, Dumux::ICP::CO2Tables, Dumux::Components::TabulatedComponent<Dumux::Components::H2O<double>, true> >, Dumux::CompositionalSecCompFluidState<double, Dumux::FluidSystems::LeoMinFluid<double, Dumux::ICP::CO2Tables, Dumux::Components::TabulatedComponent<Dumux::Components::H2O<double>, true> > >, Dumux::SolidSystems::LeoMinSolidPhase<double>, Dumux::CompositionalSolidState<double, Dumux::SolidSystems::LeoMinSolidPhase<double> >, double, Dumux::MineralizationModelTraits<Dumux::TwoPICPModelTraits<9, true, true, Dumux::TwoPFormulation::p0s1, 6, 9>, 4, 1>, Dumux::ICP::CO2Tables, Dumux::LeoMinCarbonicAcid<Dumux::Properties::TTag::LEOColumnBoxTypeTag, Dumux::ICP::CO2Tables, Dumux::MineralizationModelTraits<Dumux::TwoPICPModelTraits<9, true, true, Dumux::TwoPFormulation::p0s1, 6, 9>, 4, 1> > >]’ at /home/janewendu/hommel2019a/hommel2019a/dumux/porousmediumflow/2picp/volumevariables.hh:404:4:
/home/janewendu/hommel2019a/dumux/dumux/material/fluidstates/compositional.hh:350:42: warning: iteration 9 invokes undefined behavior [-Waggressive-loop-optimizations]
  350 |         moleFraction_[phaseIdx][compIdx] = value;
      |         ~~~~~~~~~~~~~~~~~~~~~~~~~~~~~~~~~^~~~~~~
In file included from /home/janewendu/hommel2019a/hommel2019a/dumux/porousmediumflow/2picp/model.hh:109:
/home/janewendu/hommel2019a/hommel2019a/dumux/porousmediumflow/2picp/volumevariables.hh: In function ‘void Dumux::TwoPICPVolumeVariables<Traits>::completeFluidState(const ElemSol&, const Problem&, const Element&, const Scv&, FluidState&, SolidState&) [with ElemSol = Dumux::BoxElementSolution<Dumux::BoxFVElementGeometry<Dumux::BoxFVGridGeometry<double, Dune::GridView<Dune::DefaultLeafGridViewTraits<const Dune::YaspGrid<1> > >, false, Dumux::BoxDefaultGridGeometryTraits<Dune::GridView<Dune::DefaultLeafGridViewTraits<const Dune::YaspGrid<1> > >, Dumux::DefaultMapperTraits<Dune::GridView<Dune::DefaultLeafGridViewTraits<const Dune::YaspGrid<1> > >, Dune::MultipleCodimMultipleGeomTypeMapper<Dune::GridView<Dune::DefaultLeafGridViewTraits<const Dune::YaspGrid<1> > >, Dune::Impl::MCMGFailLayout>, Dune::MultipleCodimMultipleGeomTypeMapper<Dune::GridView<Dune::DefaultLeafGridViewTraits<const Dune::YaspGrid<1> > >, Dune::Impl::MCMGFailLayout> > > >, false>, Dumux::SwitchablePrimaryVariables<Dune::FieldVector<double, 12>, int> >; Problem = Dumux::LEOColumnProblem<Dumux::Properties::TTag::LEOColumnBoxTypeTag>; Element = Dune::Entity<0, 1, const Dune::YaspGrid<1>, Dune::YaspEntity>; Scv = Dumux::BoxSubControlVolume<Dune::GridView<Dune::DefaultLeafGridViewTraits<const Dune::YaspGrid<1> > >, Dumux::BoxDefaultScvGeometryTraits<Dune::GridView<Dune::DefaultLeafGridViewTraits<const Dune::YaspGrid<1> > > > >; Traits = Dumux::TwoPICPVolumeVariablesTraits<Dumux::SwitchablePrimaryVariables<Dune::FieldVector<double, 12>, int>, Dumux::FluidSystems::LeoMinFluid<double, Dumux::ICP::CO2Tables, Dumux::Components::TabulatedComponent<Dumux::Components::H2O<double>, true> >, Dumux::CompositionalSecCompFluidState<double, Dumux::FluidSystems::LeoMinFluid<double, Dumux::ICP::CO2Tables, Dumux::Components::TabulatedComponent<Dumux::Components::H2O<double>, true> > >, Dumux::SolidSystems::LeoMinSolidPhase<double>, Dumux::CompositionalSolidState<double, Dumux::SolidSystems::LeoMinSolidPhase<double> >, double, Dumux::MineralizationModelTraits<Dumux::TwoPICPModelTraits<9, true, true, Dumux::TwoPFormulation::p0s1, 6, 9>, 4, 1>, Dumux::ICP::CO2Tables, Dumux::LeoMinCarbonicAcid<Dumux::Properties::TTag::LEOColumnBoxTypeTag, Dumux::ICP::CO2Tables, Dumux::MineralizationModelTraits<Dumux::TwoPICPModelTraits<9, true, true, Dumux::TwoPFormulation::p0s1, 6, 9>, 4, 1> > >]’:
/home/janewendu/hommel2019a/hommel2019a/dumux/porousmediumflow/2picp/volumevariables.hh:402:40: note: within this loop
  402 |             for (int compIdx=0; compIdx<numComponents+numSecComponents; ++compIdx)
      |                                 ~~~~~~~^~~~~~~~~~~~~~~~~~~~~~~~~~~~~~~
In file included from /home/janewendu/hommel2019a/dune-grid/dune/grid/yaspgrid.hh:74,
                 from /home/janewendu/hommel2019a/hommel2019a/appl/icp/eicp/leocolumnproblem.hh:27:
In copy constructor ‘Dune::YGrid<Dune::EquidistantCoordinates<double, 1> >::YGrid(const Dune::YGrid<Dune::EquidistantCoordinates<double, 1> >&)’,
    inlined from ‘Dune::YGridList<Dune::EquidistantCoordinates<double, 1> >::Intersection::Intersection(const Dune::YGridList<Dune::EquidistantCoordinates<double, 1> >::Intersection&)’ at /home/janewendu/hommel2019a/dune-grid/dune/grid/yaspgrid/ygrid.hh:826:12,
    inlined from ‘void std::__new_allocator<_Tp>::construct(_Up*, _Args&& ...) [with _Up = Dune::YGridList<Dune::EquidistantCoordinates<double, 1> >::Intersection; _Args = {const Dune::YGridList<Dune::EquidistantCoordinates<double, 1> >::Intersection&}; _Tp = Dune::YGridList<Dune::EquidistantCoordinates<double, 1> >::Intersection]’ at /usr/include/c++/13/bits/new_allocator.h:191:4,
    inlined from ‘static void std::allocator_traits<std::allocator<_CharT> >::construct(allocator_type&, _Up*, _Args&& ...) [with _Up = Dune::YGridList<Dune::EquidistantCoordinates<double, 1> >::Intersection; _Args = {const Dune::YGridList<Dune::EquidistantCoordinates<double, 1> >::Intersection&}; _Tp = Dune::YGridList<Dune::EquidistantCoordinates<double, 1> >::Intersection]’ at /usr/include/c++/13/bits/alloc_traits.h:538:17,
    inlined from ‘void std::deque<_Tp, _Alloc>::push_front(const value_type&) [with _Tp = Dune::YGridList<Dune::EquidistantCoordinates<double, 1> >::Intersection; _Alloc = std::allocator<Dune::YGridList<Dune::EquidistantCoordinates<double, 1> >::Intersection>]’ at /usr/include/c++/13/bits/stl_deque.h:1505:30,
    inlined from ‘void Dune::YaspGrid<dim, Coordinates>::intersections(const Dune::YGridComponent<Coordinates>&, const Dune::YGridComponent<Coordinates>&, std::deque<typename Dune::YGridList<Coordinates>::Intersection>&, std::deque<typename Dune::YGridList<Coordinates>::Intersection>&) [with int dim = 1; Coordinates = Dune::EquidistantCoordinates<double, 1>’ at /home/janewendu/hommel2019a/dune-grid/dune/grid/yaspgrid.hh:663:65:
/home/janewendu/hommel2019a/dune-grid/dune/grid/yaspgrid/ygrid.hh:548:9warning: ‘send_intersection’ may be used uninitialized [-Wmaybe-uninitialized]
  548 |   class YGrid
      |         ^~~~~
/home/janewendu/hommel2019a/dune-grid/dune/grid/yaspgrid.hh: In member function ‘void Dune::YaspGrid<dim, Coordinates>::intersections(const Dune::YGridComponent<Coordinates>&, const Dune::YGridComponent<Coordinates>&, std::deque<typename Dune::YGridList<Coordinates>::Intersection>&, std::deque<typename Dune::YGridList<Coordinates>::Intersection>&) [with int dim = 1; Coordinates = Dune::EquidistantCoordinates<double, 1>]’:
/home/janewendu/hommel2019a/dune-grid/dune/grid/yaspgrid.hh:657:22: note: ‘send_intersection’ declared here
  657 |         Intersection send_intersection;
      |                      ^~~~~~~~~~~~~~~~~
In copy constructor ‘Dune::YGrid<Dune::EquidistantCoordinates<double, 1> >::YGrid(const Dune::YGrid<Dune::EquidistantCoordinates<double, 1> >&)’,
    inlined from ‘Dune::YGridList<Dune::EquidistantCoordinates<double, 1> >::Intersection::Intersection(const Dune::YGridList<Dune::EquidistantCoordinates<double, 1> >::Intersection&)’ at /home/janewendu/hommel2019a/dune-grid/dune/grid/yaspgrid/ygrid.hh:826:12,
    inlined from ‘void std::__new_allocator<_Tp>::construct(_Up*, _Args&& ...) [with _Up = Dune::YGridList<Dune::EquidistantCoordinates<double, 1> >::Intersection; _Args = {const Dune::YGridList<Dune::EquidistantCoordinates<double, 1> >::Intersection&}; _Tp = Dune::YGridList<Dune::EquidistantCoordinates<double, 1> >::Intersection]’ at /usr/include/c++/13/bits/new_allocator.h:191:4,
    inlined from ‘static void std::allocator_traits<std::allocator<_CharT> >::construct(allocator_type&, _Up*, _Args&& ...) [with _Up = Dune::YGridList<Dune::EquidistantCoordinates<double, 1> >::Intersection; _Args = {const Dune::YGridList<Dune::EquidistantCoordinates<double, 1> >::Intersection&}; _Tp = Dune::YGridList<Dune::EquidistantCoordinates<double, 1> >::Intersection]’ at /usr/include/c++/13/bits/alloc_traits.h:538:17,
    inlined from ‘void std::deque<_Tp, _Alloc>::push_front(const value_type&) [with _Tp = Dune::YGridList<Dune::EquidistantCoordinates<double, 1> >::Intersection; _Alloc = std::allocator<Dune::YGridList<Dune::EquidistantCoordinates<double, 1> >::Intersection>]’ at /usr/include/c++/13/bits/stl_deque.h:1505:30,
    inlined from ‘void Dune::YaspGrid<dim, Coordinates>::intersections(const Dune::YGridComponent<Coordinates>&, const Dune::YGridComponent<Coordinates>&, std::deque<typename Dune::YGridList<Coordinates>::Intersection>&, std::deque<typename Dune::YGridList<Coordinates>::Intersection>&) [with int dim = 1; Coordinates = Dune::EquidistantCoordinates<double, 1>’ at /home/janewendu/hommel2019a/dune-grid/dune/grid/yaspgrid.hh:663:65:
/home/janewendu/hommel2019a/dune-grid/dune/grid/yaspgrid/ygrid.hh:548:9warning: ‘send_intersection.Dune::YGridList<Dune::EquidistantCoordinates<double, 1> >::Intersection::yg.Dune::YGrid<Dune::EquidistantCoordinates<double, 1> >::_shiftmapping’ may be used uninitialized [-Wmaybe-uninitialized]
  548 |   class YGrid
      |         ^~~~~
/home/janewendu/hommel2019a/dune-grid/dune/grid/yaspgrid.hh: In member function ‘void Dune::YaspGrid<dim, Coordinates>::intersections(const Dune::YGridComponent<Coordinates>&, const Dune::YGridComponent<Coordinates>&, std::deque<typename Dune::YGridList<Coordinates>::Intersection>&, std::deque<typename Dune::YGridList<Coordinates>::Intersection>&) [with int dim = 1; Coordinates = Dune::EquidistantCoordinates<double, 1>]’:
/home/janewendu/hommel2019a/dune-grid/dune/grid/yaspgrid.hh:657:22: note: ‘send_intersection’ declared here
  657 |         Intersection send_intersection;
      |                      ^~~~~~~~~~~~~~~~~
In copy constructor ‘Dune::YGrid<Dune::EquidistantCoordinates<double, 1> >::YGrid(const Dune::YGrid<Dune::EquidistantCoordinates<double, 1> >&)’,
    inlined from ‘Dune::YGridList<Dune::EquidistantCoordinates<double, 1> >::Intersection::Intersection(const Dune::YGridList<Dune::EquidistantCoordinates<double, 1> >::Intersection&)’ at /home/janewendu/hommel2019a/dune-grid/dune/grid/yaspgrid/ygrid.hh:826:12,
    inlined from ‘void std::__new_allocator<_Tp>::construct(_Up*, _Args&& ...) [with _Up = Dune::YGridList<Dune::EquidistantCoordinates<double, 1> >::Intersection; _Args = {const Dune::YGridList<Dune::EquidistantCoordinates<double, 1> >::Intersection&}; _Tp = Dune::YGridList<Dune::EquidistantCoordinates<double, 1> >::Intersection]’ at /usr/include/c++/13/bits/new_allocator.h:191:4,
    inlined from ‘static void std::allocator_traits<std::allocator<_CharT> >::construct(allocator_type&, _Up*, _Args&& ...) [with _Up = Dune::YGridList<Dune::EquidistantCoordinates<double, 1> >::Intersection; _Args = {const Dune::YGridList<Dune::EquidistantCoordinates<double, 1> >::Intersection&}; _Tp = Dune::YGridList<Dune::EquidistantCoordinates<double, 1> >::Intersection]’ at /usr/include/c++/13/bits/alloc_traits.h:538:17,
    inlined from ‘void std::deque<_Tp, _Alloc>::push_back(const value_type&) [with _Tp = Dune::YGridList<Dune::EquidistantCoordinates<double, 1> >::Intersection; _Alloc = std::allocator<Dune::YGridList<Dune::EquidistantCoordinates<double, 1> >::Intersection>]’ at /usr/include/c++/13/bits/stl_deque.h:1543:30,
    inlined from ‘void Dune::YaspGrid<dim, Coordinates>::intersections(const Dune::YGridComponent<Coordinates>&, const Dune::YGridComponent<Coordinates>&, std::deque<typename Dune::YGridList<Coordinates>::Intersection>&, std::deque<typename Dune::YGridList<Coordinates>::Intersection>&) [with int dim = 1; Coordinates = Dune::EquidistantCoordinates<double, 1>’ at /home/janewendu/hommel2019a/dune-grid/dune/grid/yaspgrid.hh:671:63:
/home/janewendu/hommel2019a/dune-grid/dune/grid/yaspgrid/ygrid.hh:548:9warning: ‘recv_intersection’ may be used uninitialized [-Wmaybe-uninitialized]
  548 |   class YGrid
      |         ^~~~~
/home/janewendu/hommel2019a/dune-grid/dune/grid/yaspgrid.hh: In member function ‘void Dune::YaspGrid<dim, Coordinates>::intersections(const Dune::YGridComponent<Coordinates>&, const Dune::YGridComponent<Coordinates>&, std::deque<typename Dune::YGridList<Coordinates>::Intersection>&, std::deque<typename Dune::YGridList<Coordinates>::Intersection>&) [with int dim = 1; Coordinates = Dune::EquidistantCoordinates<double, 1>]’:
/home/janewendu/hommel2019a/dune-grid/dune/grid/yaspgrid.hh:665:22: note: ‘recv_intersection’ declared here
  665 |         Intersection recv_intersection;
      |                      ^~~~~~~~~~~~~~~~~
In copy constructor ‘Dune::YGrid<Dune::EquidistantCoordinates<double, 1> >::YGrid(const Dune::YGrid<Dune::EquidistantCoordinates<double, 1> >&)’,
    inlined from ‘Dune::YGridList<Dune::EquidistantCoordinates<double, 1> >::Intersection::Intersection(const Dune::YGridList<Dune::EquidistantCoordinates<double, 1> >::Intersection&)’ at /home/janewendu/hommel2019a/dune-grid/dune/grid/yaspgrid/ygrid.hh:826:12,
    inlined from ‘void std::__new_allocator<_Tp>::construct(_Up*, _Args&& ...) [with _Up = Dune::YGridList<Dune::EquidistantCoordinates<double, 1> >::Intersection; _Args = {const Dune::YGridList<Dune::EquidistantCoordinates<double, 1> >::Intersection&}; _Tp = Dune::YGridList<Dune::EquidistantCoordinates<double, 1> >::Intersection]’ at /usr/include/c++/13/bits/new_allocator.h:191:4,
    inlined from ‘static void std::allocator_traits<std::allocator<_CharT> >::construct(allocator_type&, _Up*, _Args&& ...) [with _Up = Dune::YGridList<Dune::EquidistantCoordinates<double, 1> >::Intersection; _Args = {const Dune::YGridList<Dune::EquidistantCoordinates<double, 1> >::Intersection&}; _Tp = Dune::YGridList<Dune::EquidistantCoordinates<double, 1> >::Intersection]’ at /usr/include/c++/13/bits/alloc_traits.h:538:17,
    inlined from ‘void std::deque<_Tp, _Alloc>::push_back(const value_type&) [with _Tp = Dune::YGridList<Dune::EquidistantCoordinates<double, 1> >::Intersection; _Alloc = std::allocator<Dune::YGridList<Dune::EquidistantCoordinates<double, 1> >::Intersection>]’ at /usr/include/c++/13/bits/stl_deque.h:1543:30,
    inlined from ‘void Dune::YaspGrid<dim, Coordinates>::intersections(const Dune::YGridComponent<Coordinates>&, const Dune::YGridComponent<Coordinates>&, std::deque<typename Dune::YGridList<Coordinates>::Intersection>&, std::deque<typename Dune::YGridList<Coordinates>::Intersection>&) [with int dim = 1; Coordinates = Dune::EquidistantCoordinates<double, 1>’ at /home/janewendu/hommel2019a/dune-grid/dune/grid/yaspgrid.hh:671:63:
/home/janewendu/hommel2019a/dune-grid/dune/grid/yaspgrid/ygrid.hh:548:9warning: ‘recv_intersection.Dune::YGridList<Dune::EquidistantCoordinates<double, 1> >::Intersection::yg.Dune::YGrid<Dune::EquidistantCoordinates<double, 1> >::_shiftmapping’ may be used uninitialized [-Wmaybe-uninitialized]
  548 |   class YGrid
      |         ^~~~~
/home/janewendu/hommel2019a/dune-grid/dune/grid/yaspgrid.hh: In member function ‘void Dune::YaspGrid<dim, Coordinates>::intersections(const Dune::YGridComponent<Coordinates>&, const Dune::YGridComponent<Coordinates>&, std::deque<typename Dune::YGridList<Coordinates>::Intersection>&, std::deque<typename Dune::YGridList<Coordinates>::Intersection>&) [with int dim = 1; Coordinates = Dune::EquidistantCoordinates<double, 1>]’:
/home/janewendu/hommel2019a/dune-grid/dune/grid/yaspgrid.hh:665:22: note: ‘recv_intersection’ declared here
  665 |         Intersection recv_intersection;
      |                      ^~~~~~~~~~~~~~~~~
In file included from /home/janewendu/hommel2019a/dumux/dumux/porousmediumflow/2pnc/model.hh:98:
In constructor ‘Dumux::SwitchablePrimaryVariables<Dune::FieldVector<double, 12>, int>::SwitchablePrimaryVariables(Dumux::SwitchablePrimaryVariables<Dune::FieldVector<double, 12>, int>&&)’,
    inlined from ‘PrimaryVariables Dumux::evalSolution(const Element&, const typename Element::Geometry&, const BoxElementSolution<FVElementGeometry, PrimaryVariables>&, const typename Element::Geometry::GlobalCoordinate&, bool) [with Element = Dune::Entity<0, 1, const Dune::YaspGrid<1>, Dune::YaspEntity>; FVElementGeometry = BoxFVElementGeometry<BoxFVGridGeometry<double, Dune::GridView<Dune::DefaultLeafGridViewTraits<const Dune::YaspGrid<1> > >, false, BoxDefaultGridGeometryTraits<Dune::GridView<Dune::DefaultLeafGridViewTraits<const Dune::YaspGrid<1> > >, DefaultMapperTraits<Dune::GridView<Dune::DefaultLeafGridViewTraits<const Dune::YaspGrid<1> > >, Dune::MultipleCodimMultipleGeomTypeMapper<Dune::GridView<Dune::DefaultLeafGridViewTraits<const Dune::YaspGrid<1> > >, Dune::Impl::MCMGFailLayout>, Dune::MultipleCodimMultipleGeomTypeMapper<Dune::GridView<Dune::DefaultLeafGridViewTraits<const Dune::YaspGrid<1> > >, Dune::Impl::MCMGFailLayout> > > >, false>; PrimaryVariables = SwitchablePrimaryVariables<Dune::FieldVector<double, 12>, int>]’ at /home/janewendu/hommel2019a/dumux/dumux/discretization/evalsolution.hh:207:16:
/home/janewendu/hommel2019a/dumux/dumux/porousmediumflow/compositional/switchableprimaryvariables.hh:37:7: warning: ‘result.Dumux::SwitchablePrimaryVariables<Dune::FieldVector<double, 12>, int>::state_’ may be used uninitialized [-Wmaybe-uninitialized]
   37 | class SwitchablePrimaryVariables : public PrimaryVariables
      |       ^~~~~~~~~~~~~~~~~~~~~~~~~~
In file included from /home/janewendu/hommel2019a/dumux/dumux/discretization/evalgradients.hh:35,
                 from /home/janewendu/hommel2019a/hommel2019a/appl/icp/eicp/leocolumnproblem.hh:32:
/home/janewendu/hommel2019a/dumux/dumux/discretization/evalsolution.hh: In function ‘PrimaryVariables Dumux::evalSolution(const Element&, const typename Element::Geometry&, const BoxElementSolution<FVElementGeometry, PrimaryVariables>&, const typename Element::Geometry::GlobalCoordinate&, bool) [with Element = Dune::Entity<0, 1, const Dune::YaspGrid<1>, Dune::YaspEntity>; FVElementGeometry = BoxFVElementGeometry<BoxFVGridGeometry<double, Dune::GridView<Dune::DefaultLeafGridViewTraits<const Dune::YaspGrid<1> > >, false, BoxDefaultGridGeometryTraits<Dune::GridView<Dune::DefaultLeafGridViewTraits<const Dune::YaspGrid<1> > >, DefaultMapperTraits<Dune::GridView<Dune::DefaultLeafGridViewTraits<const Dune::YaspGrid<1> > >, Dune::MultipleCodimMultipleGeomTypeMapper<Dune::GridView<Dune::DefaultLeafGridViewTraits<const Dune::YaspGrid<1> > >, Dune::Impl::MCMGFailLayout>, Dune::MultipleCodimMultipleGeomTypeMapper<Dune::GridView<Dune::DefaultLeafGridViewTraits<const Dune::YaspGrid<1> > >, Dune::Impl::MCMGFailLayout> > > >, false>; PrimaryVariables = SwitchablePrimaryVariables<Dune::FieldVector<double, 12>, int>]’:
/home/janewendu/hommel2019a/dumux/dumux/discretization/evalsolution.hh:193:26: note: ‘result’ declared here
  193 |         PrimaryVariables result(0.0);
      |                          ^~~~~~
[100%] Linking CXX executable columnleobox
[100%] Built target columnleobox